<html>
<body>
<pre>
<h1>礦ision Build Log</h1>
<h2>Tool Versions:</h2>
IDE-Version: μVision V5.41.0.0
Copyright (C) 2024 ARM Ltd and ARM Germany GmbH. All rights reserved.
License Information: 1 978268238@qq.com, 11, LIC=SDA0P-M5U0Y-WFSI7-ELFHY-VNY0N-BPAAD
 
Tool Versions:
Toolchain:       MDK-ARM Plus  Version: 5.41.0.0
Toolchain Path:  C:\Users\97826\AppData\Local\Keil_v5\ARM\ARMCLANG\Bin
C Compiler:      ArmClang.exe V6.22
Assembler:       Armasm.exe V6.22
Linker/Locator:  ArmLink.exe V6.22
Library Manager: ArmAr.exe V6.22
Hex Converter:   FromElf.exe V6.22
CPU DLL:         SARMCM3.DLL V5.41.0.0
Dialog DLL:      DARMSTM.DLL V1.69.1.0
Target DLL:      STLink\ST-LINKIII-KEIL_SWO.dll V3.3.0.0
Dialog DLL:      TARMSTM.DLL V1.67.1.0
 
<h2>Project:</h2>
F:\滤光片上下位机程序\我的下位机程序(2.4)\IAP-MDK-V4.3.18c\MDK-ARM\IAP-MDK-V4.0.0.uvprojx
Project File Date:  11/13/2025

<h2>Output:</h2>
*** Using Compiler 'V6.22', folder: 'C:\Users\97826\AppData\Local\Keil_v5\ARM\ARMCLANG\Bin'
Rebuild target 'IAP-MDK-V4.0.0'
compiling app_exti.c...
compiling plc_flow.c...
compiling plc_delay.c...
compiling app_usart.c...
compiling stm32f1xx_it.c...
compiling app_user.c...
compiling app_i2c.c...
compiling plc_button.c...
compiling plc_eep.c...
assembling startup_stm32f103xg.s...
compiling plc_beep.c...
compiling plc_input.c...
compiling plc_modbus.c...
compiling main.c...
compiling plc_test.c...
compiling stm32f1xx_hal_msp.c...
compiling app_can.c...
compiling mb_crc.c...
compiling mb_timer.c...
compiling plc_can.c...
compiling mb_user.c...
compiling plc_switch.c...
compiling app_tim.c...
compiling mb_cb.c...
compiling mb_port.c...
compiling plc_bridge.c...
compiling plc_motor.c...
compiling mb_serial.c...
compiling plc_user.c...
compiling mb_rtu.c...
compiling mb_ascii.c...
compiling mb_func_holding.c...
compiling mb_tcp.c...
compiling eth_user.c...
compiling eth_type.c...
compiling eth_socket.c...
compiling mb_utils.c...
compiling eth_w5500.c...
compiling mb_err.c...
compiling mb_master.c...
compiling eth_spi.c...
compiling stm32f1xx_hal_gpio_ex.c...
compiling stm32f1xx_hal_spi_ex.c...
compiling stm32f1xx_hal.c...
compiling stm32f1xx_hal_can.c...
compiling stm32f1xx_hal_gpio.c...
compiling stm32f1xx_hal_rcc_ex.c...
compiling stm32f1xx_hal_rcc.c...
compiling stm32f1xx_hal_spi.c...
compiling stm32f1xx_hal_i2c.c...
compiling stm32f1xx_hal_uart.c...
compiling stm32f1xx_hal_tim.c...
compiling stm32f1xx_hal_tim_ex.c...
compiling stm32f1xx_hal_cortex.c...
compiling stm32f1xx_hal_pwr.c...
compiling stm32f1xx_hal_dma.c...
compiling stm32f1xx_hal_flash_ex.c...
compiling stm32f1xx_hal_flash.c...
compiling system_stm32f1xx.c...
linking...
Program Size: Code=68476 RO-data=964 RW-data=220 ZI-data=26820  
FromELF: creating hex file...
"IAP-MDK-V4.0.0\IAP-MDK-V4.0.0" - 0 Error(s), 0 Warning(s).

<h2>Software Packages used:</h2>

Package Vendor: ARM
                https://www.keil.com/pack/ARM.CMSIS.6.1.0.pack
                ARM::CMSIS@6.1.0
                CMSIS (Common Microcontroller Software Interface Standard)
   * Component: CORE Version: 6.1.0

Package Vendor: Keil
                https://www.keil.com/pack/Keil.STM32F1xx_DFP.2.4.1.pack
                Keil::STM32F1xx_DFP@2.4.1
                STMicroelectronics STM32F1 Series Device Support, Drivers and Examples

<h2>Collection of Component include folders:</h2>
  ./RTE/_IAP-MDK-V4.0.0
  C:/Users/97826/AppData/Local/Arm/Packs/ARM/CMSIS/6.1.0/CMSIS/Core/Include
  C:/Users/97826/AppData/Local/Arm/Packs/Keil/STM32F1xx_DFP/2.4.1/Device/Include

<h2>Collection of Component Files used:</h2>

   * Component: ARM::CMSIS:CORE@6.1.0
Build Time Elapsed:  00:00:09
</pre>
</body>
</html>
