Component: Arm Compiler for Embedded 6.22 Tool: armlink [5ee90200]

==============================================================================

Section Cross References

    app_exti.o(.text.HAL_GPIO_EXTI_Callback) refers to stm32f1xx_hal_gpio.o(.text.HAL_GPIO_ReadPin) for HAL_GPIO_ReadPin
    app_exti.o(.text.HAL_GPIO_EXTI_Callback) refers to plc_input.o(.text.plc_input_write) for plc_input_write
    app_exti.o(.ARM.exidx.text.HAL_GPIO_EXTI_Callback) refers to app_exti.o(.text.HAL_GPIO_EXTI_Callback) for [Anonymous Symbol]
    app_tim.o(.text.HAL_TIM_PeriodElapsedCallback) refers to plc_motor.o(.text.plc_motor_pul_action) for plc_motor_pul_action
    app_tim.o(.ARM.exidx.text.HAL_TIM_PeriodElapsedCallback) refers to app_tim.o(.text.HAL_TIM_PeriodElapsedCallback) for [Anonymous Symbol]
    app_usart.o(.text.HAL_UART_RxCpltCallback) refers to app_usart.o(.bss.buffer) for buffer
    app_usart.o(.text.HAL_UART_RxCpltCallback) refers to stm32f1xx_hal_uart.o(.text.HAL_UART_Receive_IT) for HAL_UART_Receive_IT
    app_usart.o(.text.HAL_UART_RxCpltCallback) refers to mb_serial.o(.bss.g_mb_var_port) for g_mb_var_port
    app_usart.o(.ARM.exidx.text.HAL_UART_RxCpltCallback) refers to app_usart.o(.text.HAL_UART_RxCpltCallback) for [Anonymous Symbol]
    app_usart.o(.text.HAL_UART_TxCpltCallback) refers to mb_serial.o(.bss.g_mb_var_port) for g_mb_var_port
    app_usart.o(.text.HAL_UART_TxCpltCallback) refers to mb_timer.o(.text.mb_timer_snd_update) for mb_timer_snd_update
    app_usart.o(.text.HAL_UART_TxCpltCallback) refers to mb_serial.o(.text.mb_serial_rs485_dir) for mb_serial_rs485_dir
    app_usart.o(.ARM.exidx.text.HAL_UART_TxCpltCallback) refers to app_usart.o(.text.HAL_UART_TxCpltCallback) for [Anonymous Symbol]
    app_user.o(.ARM.exidx.text.APP_USER_CreateTask) refers to app_user.o(.text.APP_USER_CreateTask) for [Anonymous Symbol]
    app_i2c.o(.ARM.exidx.text.HAL_I2C_MemTxCpltCallback) refers to app_i2c.o(.text.HAL_I2C_MemTxCpltCallback) for [Anonymous Symbol]
    app_i2c.o(.ARM.exidx.text.HAL_I2C_MemRxCpltCallback) refers to app_i2c.o(.text.HAL_I2C_MemRxCpltCallback) for [Anonymous Symbol]
    app_can.o(.text.HAL_CAN_RxFifo1MsgPendingCallback) refers to plc_can.o(.text.plc_can_receive) for plc_can_receive
    app_can.o(.ARM.exidx.text.HAL_CAN_RxFifo1MsgPendingCallback) refers to app_can.o(.text.HAL_CAN_RxFifo1MsgPendingCallback) for [Anonymous Symbol]
    main.o(.text.main) refers to stm32f1xx_hal.o(.text.HAL_Init) for HAL_Init
    main.o(.text.main) refers to main.o(.text.SystemClock_Config) for SystemClock_Config
    main.o(.text.main) refers to main.o(.text.MX_GPIO_Init) for MX_GPIO_Init
    main.o(.text.main) refers to main.o(.text.MX_USART1_UART_Init) for MX_USART1_UART_Init
    main.o(.text.main) refers to main.o(.text.MX_USART2_UART_Init) for MX_USART2_UART_Init
    main.o(.text.main) refers to main.o(.text.MX_USART3_UART_Init) for MX_USART3_UART_Init
    main.o(.text.main) refers to main.o(.text.MX_UART4_Init) for MX_UART4_Init
    main.o(.text.main) refers to main.o(.text.MX_UART5_Init) for MX_UART5_Init
    main.o(.text.main) refers to main.o(.text.MX_I2C1_Init) for MX_I2C1_Init
    main.o(.text.main) refers to main.o(.text.MX_SPI2_Init) for MX_SPI2_Init
    main.o(.text.main) refers to main.o(.text.MX_TIM3_Init) for MX_TIM3_Init
    main.o(.text.main) refers to main.o(.text.MX_TIM11_Init) for MX_TIM11_Init
    main.o(.text.main) refers to main.o(.text.MX_TIM7_Init) for MX_TIM7_Init
    main.o(.text.main) refers to main.o(.text.MX_TIM8_Init) for MX_TIM8_Init
    main.o(.text.main) refers to main.o(.text.MX_TIM9_Init) for MX_TIM9_Init
    main.o(.text.main) refers to main.o(.text.MX_TIM10_Init) for MX_TIM10_Init
    main.o(.text.main) refers to main.o(.text.MX_TIM12_Init) for MX_TIM12_Init
    main.o(.text.main) refers to main.o(.text.MX_TIM13_Init) for MX_TIM13_Init
    main.o(.text.main) refers to main.o(.text.MX_TIM14_Init) for MX_TIM14_Init
    main.o(.text.main) refers to main.o(.text.MX_TIM6_Init) for MX_TIM6_Init
    main.o(.text.main) refers to main.o(.text.MX_TIM5_Init) for MX_TIM5_Init
    main.o(.text.main) refers to main.o(.text.MX_CAN_Init) for MX_CAN_Init
    main.o(.text.main) refers to stm32f1xx_hal.o(.text.HAL_SetTickFreq) for HAL_SetTickFreq
    main.o(.text.main) refers to plc_user.o(.text.plc_user_init) for plc_user_init
    main.o(.text.main) refers to mb_user.o(.text.mb_user_init) for mb_user_init
    main.o(.text.main) refers to plc_user.o(.text.plc_user_scan) for plc_user_scan
    main.o(.text.main) refers to mb_user.o(.text.mb_user_poll) for mb_user_poll
    main.o(.ARM.exidx.text.main) refers to main.o(.text.main) for [Anonymous Symbol]
    main.o(.text.SystemClock_Config) refers to memseta.o(.text) for __aeabi_memclr4
    main.o(.text.SystemClock_Config) refers to stm32f1xx_hal_rcc.o(.text.HAL_RCC_OscConfig) for HAL_RCC_OscConfig
    main.o(.text.SystemClock_Config) refers to main.o(.text.Error_Handler) for Error_Handler
[...]
    HAL_UART_Init                            0x08005249   Thumb Code   154  stm32f1xx_hal_uart.o(.text.HAL_UART_Init)
    HAL_UART_MspInit                         0x080052e5   Thumb Code   812  stm32f1xx_hal_msp.o(.text.HAL_UART_MspInit)
    HAL_UART_Receive_IT                      0x08005611   Thumb Code   186  stm32f1xx_hal_uart.o(.text.HAL_UART_Receive_IT)
    HAL_UART_RxCpltCallback                  0x080056cd   Thumb Code   264  app_usart.o(.text.HAL_UART_RxCpltCallback)
    HAL_UART_Transmit                        0x080057d5   Thumb Code   352  stm32f1xx_hal_uart.o(.text.HAL_UART_Transmit)
    HAL_UART_Transmit_IT                     0x08005935   Thumb Code   162  stm32f1xx_hal_uart.o(.text.HAL_UART_Transmit_IT)
    HAL_UART_TxCpltCallback                  0x080059d9   Thumb Code   200  app_usart.o(.text.HAL_UART_TxCpltCallback)
    HardFault_Handler                        0x08005aa1   Thumb Code     4  stm32f1xx_it.o(.text.HardFault_Handler)
    I2C1_EV_IRQHandler                       0x08005aa5   Thumb Code    16  stm32f1xx_it.o(.text.I2C1_EV_IRQHandler)
    MemManage_Handler                        0x080079b5   Thumb Code     4  stm32f1xx_it.o(.text.MemManage_Handler)
    NMI_Handler                              0x080079b9   Thumb Code     2  stm32f1xx_it.o(.text.NMI_Handler)
    PendSV_Handler                           0x08007add   Thumb Code     2  stm32f1xx_it.o(.text.PendSV_Handler)
    SVC_Handler                              0x08007c49   Thumb Code     2  stm32f1xx_it.o(.text.SVC_Handler)
    SysTick_Handler                          0x08007ca1   Thumb Code     8  stm32f1xx_it.o(.text.SysTick_Handler)
    SystemClock_Config                       0x08007ca9   Thumb Code   108  main.o(.text.SystemClock_Config)
    SystemInit                               0x08007d15   Thumb Code    96  system_stm32f1xx.o(.text.SystemInit)
    TIM1_BRK_TIM9_IRQHandler                 0x08007d75   Thumb Code    16  stm32f1xx_it.o(.text.TIM1_BRK_TIM9_IRQHandler)
    TIM1_TRG_COM_TIM11_IRQHandler            0x08007d85   Thumb Code    16  stm32f1xx_it.o(.text.TIM1_TRG_COM_TIM11_IRQHandler)
    TIM1_UP_TIM10_IRQHandler                 0x08007d95   Thumb Code    16  stm32f1xx_it.o(.text.TIM1_UP_TIM10_IRQHandler)
    TIM5_IRQHandler                          0x08007da5   Thumb Code    16  stm32f1xx_it.o(.text.TIM5_IRQHandler)
    TIM6_IRQHandler                          0x08007db5   Thumb Code    16  stm32f1xx_it.o(.text.TIM6_IRQHandler)
    TIM7_IRQHandler                          0x08007dc5   Thumb Code    16  stm32f1xx_it.o(.text.TIM7_IRQHandler)
    TIM8_BRK_TIM12_IRQHandler                0x08007dd5   Thumb Code    28  stm32f1xx_it.o(.text.TIM8_BRK_TIM12_IRQHandler)
    TIM8_TRG_COM_TIM14_IRQHandler            0x08007df1   Thumb Code    28  stm32f1xx_it.o(.text.TIM8_TRG_COM_TIM14_IRQHandler)
    TIM8_UP_TIM13_IRQHandler                 0x08007e0d   Thumb Code    28  stm32f1xx_it.o(.text.TIM8_UP_TIM13_IRQHandler)
    TIM_Base_SetConfig                       0x08007e29   Thumb Code   424  stm32f1xx_hal_tim.o(.text.TIM_Base_SetConfig)
    TIM_CCxChannelCmd                        0x08007fd1   Thumb Code    50  stm32f1xx_hal_tim.o(.text.TIM_CCxChannelCmd)
    TIM_OC2_SetConfig                        0x08008169   Thumb Code   256  stm32f1xx_hal_tim.o(.text.TIM_OC2_SetConfig)
    UART4_IRQHandler                         0x080084c9   Thumb Code    16  stm32f1xx_it.o(.text.UART4_IRQHandler)
    UART5_IRQHandler                         0x080084d9   Thumb Code    16  stm32f1xx_it.o(.text.UART5_IRQHandler)
    USART1_IRQHandler                        0x0800899d   Thumb Code    16  stm32f1xx_it.o(.text.USART1_IRQHandler)
    USART2_IRQHandler                        0x080089ad   Thumb Code    16  stm32f1xx_it.o(.text.USART2_IRQHandler)
    USART3_IRQHandler                        0x080089bd   Thumb Code    16  stm32f1xx_it.o(.text.USART3_IRQHandler)
    USB_HP_CAN1_TX_IRQHandler                0x080089cd   Thumb Code    16  stm32f1xx_it.o(.text.USB_HP_CAN1_TX_IRQHandler)
    USB_LP_CAN1_RX0_IRQHandler               0x080089dd   Thumb Code    16  stm32f1xx_it.o(.text.USB_LP_CAN1_RX0_IRQHandler)
    UsageFault_Handler                       0x080089ed   Thumb Code     4  stm32f1xx_it.o(.text.UsageFault_Handler)
    button_con                               0x080089f1   Thumb Code    76  plc_test.o(.text.button_con)
    eMBFuncReadHoldingRegisterMaster         0x08008a3d   Thumb Code   178  mb_func_holding.o(.text.eMBFuncReadHoldingRegisterMaster)
    eMBFuncReadHoldingRegisterSlave          0x08008af1   Thumb Code   392  mb_func_holding.o(.text.eMBFuncReadHoldingRegisterSlave)
    eMBFuncReadWriteMultipleHoldingRegisterMaster 0x08008c79   Thumb Code    18  mb_func_holding.o(.text.eMBFuncReadWriteMultipleHoldingRegisterMaster)
    eMBFuncReadWriteMultipleHoldingRegisterSlave 0x08008c8d   Thumb Code   656  mb_func_holding.o(.text.eMBFuncReadWriteMultipleHoldingRegisterSlave)
    eMBFuncWriteHoldingRegisterMaster        0x08008f1d   Thumb Code    18  mb_func_holding.o(.text.eMBFuncWriteHoldingRegisterMaster)
    eMBFuncWriteHoldingRegisterSlave         0x08008f31   Thumb Code   152  mb_func_holding.o(.text.eMBFuncWriteHoldingRegisterSlave)
    eMBFuncWriteMultipleHoldingRegisterMaster 0x08008fc9   Thumb Code   170  mb_func_holding.o(.text.eMBFuncWriteMultipleHoldingRegisterMaster)
    eMBFuncWriteMultipleHoldingRegisterSlave 0x08009075   Thumb Code   574  mb_func_holding.o(.text.eMBFuncWriteMultipleHoldingRegisterSlave)
    eMBRegHoldingCB                          0x080092b5   Thumb Code   458  mb_cb.o(.text.eMBRegHoldingCB)
    eth_user_init                            0x08009481   Thumb Code   124  eth_user.o(.text.eth_user_init)
    finishRun                                0x080094fd   Thumb Code   122  plc_test.o(.text.finishRun)
    main                                     0x08009579   Thumb Code   144  main.o(.text.main)
    mb_ascii_frame_conform                   0x08009609   Thumb Code   136  mb_ascii.o(.text.mb_ascii_frame_conform)
    mb_ascii_init                            0x08009691   Thumb Code   132  mb_ascii.o(.text.mb_ascii_init)
    mb_ascii_receive                         0x08009715   Thumb Code   318  mb_ascii.o(.text.mb_ascii_receive)
    mb_ascii_rev_adjust                      0x08009855   Thumb Code    68  mb_ascii.o(.text.mb_ascii_rev_adjust)
    mb_ascii_segmentation                    0x08009899   Thumb Code   148  mb_ascii.o(.text.mb_ascii_segmentation)
    mb_ascii_snd_frame                       0x0800992d   Thumb Code    94  mb_ascii.o(.text.mb_ascii_snd_frame)
    mb_err_frame                             0x0800998d   Thumb Code   164  mb_err.o(.text.mb_err_frame)
    mb_master_get_buf_id                     0x08009a31   Thumb Code    94  mb_master.o(.text.mb_master_get_buf_id)
    mb_port_init                             0x08009a91   Thumb Code   488  mb_port.o(.text.mb_port_init)
    mb_port_poll                             0x08009c79   Thumb Code   546  mb_port.o(.text.mb_port_poll)
    mb_rtu_frame_conform                     0x08009e9d   Thumb Code   168  mb_rtu.o(.text.mb_rtu_frame_conform)
    mb_rtu_init                              0x08009f45   Thumb Code   152  mb_rtu.o(.text.mb_rtu_init)
    mb_rtu_out                               0x08009fdd   Thumb Code   386  mb_rtu.o(.text.mb_rtu_out)
    mb_rtu_receive                           0x0800a161   Thumb Code    74  mb_rtu.o(.text.mb_rtu_receive)
    mb_rtu_rev_adjust                        0x0800a1ad   Thumb Code    96  mb_rtu.o(.text.mb_rtu_rev_adjust)
    mb_rtu_segmentation                      0x0800a20d   Thumb Code   148  mb_rtu.o(.text.mb_rtu_segmentation)
    mb_rtu_snd_frame                         0x0800a2a1   Thumb Code    94  mb_rtu.o(.text.mb_rtu_snd_frame)
    mb_serial_frame_info                     0x0800a301   Thumb Code   106  mb_serial.o(.text.mb_serial_frame_info)
    mb_serial_init                           0x0800a36d   Thumb Code    22  mb_serial.o(.text.mb_serial_init)
    mb_serial_rs485_dir                      0x0800a385   Thumb Code    56  mb_serial.o(.text.mb_serial_rs485_dir)
    mb_serial_rxd_frame_delete               0x0800a3bd   Thumb Code    24  mb_serial.o(.text.mb_serial_rxd_frame_delete)
    mb_serial_rxd_frame_insert               0x0800a3d5   Thumb Code    40  mb_serial.o(.text.mb_serial_rxd_frame_insert)
    mb_serial_send                           0x0800a3fd   Thumb Code   382  mb_serial.o(.text.mb_serial_send)
    mb_serial_txd_frame_delete               0x0800a57d   Thumb Code    24  mb_serial.o(.text.mb_serial_txd_frame_delete)
    mb_serial_txd_frame_insert               0x0800a595   Thumb Code    40  mb_serial.o(.text.mb_serial_txd_frame_insert)
    mb_tcp_frame_conform                     0x0800a5bd   Thumb Code   204  mb_tcp.o(.text.mb_tcp_frame_conform)
    mb_tcp_init                              0x0800a689   Thumb Code    80  mb_tcp.o(.text.mb_tcp_init)
    mb_tcp_receive                           0x0800a6d9   Thumb Code   186  mb_tcp.o(.text.mb_tcp_receive)
    mb_tcp_rev_adjust                        0x0800a795   Thumb Code    68  mb_tcp.o(.text.mb_tcp_rev_adjust)
    mb_tcp_segmentation                      0x0800a7d9   Thumb Code   216  mb_tcp.o(.text.mb_tcp_segmentation)
    mb_tcp_snd_frame                         0x0800a8b1   Thumb Code    94  mb_tcp.o(.text.mb_tcp_snd_frame)
    mb_timer_rcv_disable                     0x0800a911   Thumb Code    16  mb_timer.o(.text.mb_timer_rcv_disable)
    mb_timer_rcv_outtime                     0x0800a921   Thumb Code    56  mb_timer.o(.text.mb_timer_rcv_outtime)
    mb_timer_rcv_update                      0x0800a959   Thumb Code    26  mb_timer.o(.text.mb_timer_rcv_update)
    mb_timer_snd_outtime                     0x0800a975   Thumb Code    46  mb_timer.o(.text.mb_timer_snd_outtime)
    mb_timer_snd_update                      0x0800a9a5   Thumb Code    26  mb_timer.o(.text.mb_timer_snd_update)
    mb_user_init                             0x0800a9c1   Thumb Code   854  mb_user.o(.text.mb_user_init)
    mb_user_poll                             0x0800ad19   Thumb Code    78  mb_user.o(.text.mb_user_poll)
    motor_astaone                            0x0800ad69   Thumb Code  1110  plc_test.o(.text.motor_astaone)
    motor_astatwo                            0x0800b1c1   Thumb Code   964  plc_test.o(.text.motor_astatwo)
    motor_step_waste_M5                      0x0800b585   Thumb Code   368  plc_test.o(.text.motor_step_waste_M5)
    motor_step_waste_M6                      0x0800b6f5   Thumb Code   372  plc_test.o(.text.motor_step_waste_M6)
    motor_step_waste_M7                      0x0800b869   Thumb Code   370  plc_test.o(.text.motor_step_waste_M7)
    motor_steptf                             0x0800b9dd   Thumb Code  1280  plc_test.o(.text.motor_steptf)
    plc_beep_feedback                        0x0800bedd   Thumb Code    94  plc_beep.o(.text.plc_beep_feedback)
    plc_beep_modbus_read                     0x0800bf3d   Thumb Code   432  plc_beep.o(.text.plc_beep_modbus_read)
    plc_beep_modbus_write                    0x0800c0ed   Thumb Code   376  plc_beep.o(.text.plc_beep_modbus_write)
    plc_beep_scan                            0x0800c265   Thumb Code   388  plc_beep.o(.text.plc_beep_scan)
    plc_beep_set                             0x0800c3e9   Thumb Code    68  plc_beep.o(.text.plc_beep_set)
    plc_bridge_feedback                      0x0800c42d   Thumb Code    98  plc_bridge.o(.text.plc_bridge_feedback)
    plc_bridge_init                          0x0800c491   Thumb Code   138  plc_bridge.o(.text.plc_bridge_init)
    plc_bridge_modbus_read                   0x0800c51d   Thumb Code   334  plc_bridge.o(.text.plc_bridge_modbus_read)
    plc_bridge_modbus_write                  0x0800c66d   Thumb Code   306  plc_bridge.o(.text.plc_bridge_modbus_write)
    plc_bridge_scan                          0x0800c7a1   Thumb Code   290  plc_bridge.o(.text.plc_bridge_scan)
    plc_bridge_set_dir                       0x0800c8c5   Thumb Code   146  plc_bridge.o(.text.plc_bridge_set_dir)
    plc_bridge_set_value                     0x0800c959   Thumb Code   136  plc_bridge.o(.text.plc_bridge_set_value)
    plc_button_init                          0x0800c9e1   Thumb Code    60  plc_button.o(.text.plc_button_init)
    plc_button_run                           0x0800ca1d   Thumb Code    48  plc_button.o(.text.plc_button_run)
    plc_button_run_beep                      0x0800ca4d   Thumb Code     2  plc_button.o(.text.plc_button_run_beep)
    plc_button_run_bridge                    0x0800ca51   Thumb Code   116  plc_bridge.o(.text.plc_button_run_bridge)
    plc_button_run_delay                     0x0800cac5   Thumb Code     2  plc_button.o(.text.plc_button_run_delay)
    plc_button_run_input                     0x0800cac9   Thumb Code     2  plc_button.o(.text.plc_button_run_input)
    plc_button_run_motor                     0x0800cacd   Thumb Code   124  plc_motor.o(.text.plc_button_run_motor)
    plc_button_run_switch                    0x0800cb49   Thumb Code     2  plc_button.o(.text.plc_button_run_switch)
    plc_button_scan                          0x0800cb4d   Thumb Code   148  plc_button.o(.text.plc_button_scan)
    plc_button_stop                          0x0800cbe1   Thumb Code    48  plc_button.o(.text.plc_button_stop)
    plc_button_stop_beep                     0x0800cc11   Thumb Code     2  plc_button.o(.text.plc_button_stop_beep)
    plc_button_stop_bridge                   0x0800cc15   Thumb Code   154  plc_bridge.o(.text.plc_button_stop_bridge)
    plc_button_stop_delay                    0x0800ccb1   Thumb Code     2  plc_button.o(.text.plc_button_stop_delay)
    plc_button_stop_input                    0x0800ccb5   Thumb Code     2  plc_button.o(.text.plc_button_stop_input)
    plc_button_stop_motor                    0x0800ccb9   Thumb Code   204  plc_motor.o(.text.plc_button_stop_motor)
    plc_button_stop_switch                   0x0800cd85   Thumb Code     2  plc_button.o(.text.plc_button_stop_switch)
    plc_can_receive                          0x0800cd89   Thumb Code    34  plc_can.o(.text.plc_can_receive)
    plc_delay_feedback                       0x0800cdad   Thumb Code    70  plc_delay.o(.text.plc_delay_feedback)
    plc_delay_scan                           0x0800cdf5   Thumb Code   114  plc_delay.o(.text.plc_delay_scan)
    plc_eep_init                             0x0800ce69   Thumb Code    70  plc_eep.o(.text.plc_eep_init)
    plc_eep_modbus_read                      0x0800ceb1   Thumb Code   100  plc_eep.o(.text.plc_eep_modbus_read)
    plc_eep_modbus_write                     0x0800cf15   Thumb Code   100  plc_eep.o(.text.plc_eep_modbus_write)
    plc_eep_read_buf                         0x0800cf79   Thumb Code   134  plc_eep.o(.text.plc_eep_read_buf)
    plc_eep_read_value                       0x0800d001   Thumb Code   204  plc_eep.o(.text.plc_eep_read_value)
    plc_eep_write_buf                        0x0800d0cd   Thumb Code   144  plc_eep.o(.text.plc_eep_write_buf)
    plc_flow_config                          0x0800d15d   Thumb Code   388  plc_flow.o(.text.plc_flow_config)
    plc_flow_test_motor_scan                 0x0800d2e1   Thumb Code   170  plc_test.o(.text.plc_flow_test_motor_scan)
    plc_flow_test_scan                       0x0800d38d   Thumb Code    30  plc_test.o(.text.plc_flow_test_scan)
    plc_flow_test_switch_scan                0x0800d3ad   Thumb Code  2664  plc_test.o(.text.plc_flow_test_switch_scan)
    plc_input_feedback                       0x0800de15   Thumb Code    98  plc_input.o(.text.plc_input_feedback)
    plc_input_init                           0x0800de79   Thumb Code    74  plc_input.o(.text.plc_input_init)
    plc_input_modbus_read                    0x0800dec5   Thumb Code   252  plc_input.o(.text.plc_input_modbus_read)
    plc_input_modbus_write                   0x0800dfc1   Thumb Code   210  plc_input.o(.text.plc_input_modbus_write)
    plc_input_read                           0x0800e095   Thumb Code    32  plc_input.o(.text.plc_input_read)
    plc_input_read_flow                      0x0800e0b5   Thumb Code   548  plc_input.o(.text.plc_input_read_flow)
    plc_input_scan                           0x0800e2d9   Thumb Code   192  plc_input.o(.text.plc_input_scan)
    plc_input_write                          0x0800e399   Thumb Code    58  plc_input.o(.text.plc_input_write)
    plc_modbus_adjust                        0x0800e3d5   Thumb Code   692  plc_modbus.o(.text.plc_modbus_adjust)
    plc_modbus_read                          0x0800e689   Thumb Code   328  plc_modbus.o(.text.plc_modbus_read)
    plc_modbus_write                         0x0800e7d1   Thumb Code   328  plc_modbus.o(.text.plc_modbus_write)
    plc_motor_cur_postion                    0x0800e919   Thumb Code    32  plc_motor.o(.text.plc_motor_cur_postion)
    plc_motor_cur_status                     0x0800e939   Thumb Code    30  plc_motor.o(.text.plc_motor_cur_status)
    plc_motor_curve_buf_pos                  0x0800e959   Thumb Code   514  plc_motor.o(.text.plc_motor_curve_buf_pos)
    plc_motor_curve_buf_rst                  0x0800eb5d   Thumb Code   416  plc_motor.o(.text.plc_motor_curve_buf_rst)
    plc_motor_curve_init_pos                 0x0800ecfd   Thumb Code   228  plc_motor.o(.text.plc_motor_curve_init_pos)
    plc_motor_curve_init_rst                 0x0800ede1   Thumb Code   166  plc_motor.o(.text.plc_motor_curve_init_rst)
    plc_motor_feedback                       0x0800ee89   Thumb Code   100  plc_motor.o(.text.plc_motor_feedback)
    plc_motor_freq_down                      0x0800eeed   Thumb Code   204  plc_motor.o(.text.plc_motor_freq_down)
    plc_motor_init                           0x0800efb9   Thumb Code    68  plc_motor.o(.text.plc_motor_init)
    plc_motor_modbus_read                    0x0800effd   Thumb Code   500  plc_motor.o(.text.plc_motor_modbus_read)
    plc_motor_modbus_write                   0x0800f1f1   Thumb Code   788  plc_motor.o(.text.plc_motor_modbus_write)
    plc_motor_pos_flag                       0x0800f505   Thumb Code   280  plc_test.o(.text.plc_motor_pos_flag)
    plc_motor_pul_action                     0x0800f61d   Thumb Code   286  plc_motor.o(.text.plc_motor_pul_action)
    plc_motor_pul_action_pos                 0x0800f73d   Thumb Code   534  plc_motor.o(.text.plc_motor_pul_action_pos)
    plc_motor_pul_action_rst                 0x0800f955   Thumb Code   332  plc_motor.o(.text.plc_motor_pul_action_rst)
    plc_motor_scan                           0x0800faa1   Thumb Code   134  plc_motor.o(.text.plc_motor_scan)
    plc_motor_set_bldc_flow                  0x0800fb29   Thumb Code   226  plc_motor.o(.text.plc_motor_set_bldc_flow)
    plc_motor_set_dir                        0x0800fc0d   Thumb Code    78  plc_motor.o(.text.plc_motor_set_dir)
    plc_motor_set_pul                        0x0800fc5d   Thumb Code    42  plc_motor.o(.text.plc_motor_set_pul)
    plc_motor_set_step_pos_flow              0x0800fc89   Thumb Code   316  plc_motor.o(.text.plc_motor_set_step_pos_flow)
    plc_motor_set_step_rst_flow              0x0800fdc5   Thumb Code   374  plc_motor.o(.text.plc_motor_set_step_rst_flow)
    plc_motor_timer_deletc                   0x0800ff3d   Thumb Code   116  plc_motor.o(.text.plc_motor_timer_deletc)
    plc_motor_timer_insert                   0x0800ffb1   Thumb Code   526  plc_motor.o(.text.plc_motor_timer_insert)
    plc_switch_feedback                      0x080101c1   Thumb Code    98  plc_switch.o(.text.plc_switch_feedback)
    plc_switch_init                          0x08010225   Thumb Code    50  plc_switch.o(.text.plc_switch_init)
    plc_switch_modbus_read                   0x08010259   Thumb Code   476  plc_switch.o(.text.plc_switch_modbus_read)
    plc_switch_modbus_write                  0x08010435   Thumb Code   400  plc_switch.o(.text.plc_switch_modbus_write)
    plc_switch_scan                          0x080105c5   Thumb Code   458  plc_switch.o(.text.plc_switch_scan)
    plc_switch_set_flow                      0x08010791   Thumb Code   248  plc_switch.o(.text.plc_switch_set_flow)
    plc_switch_set_port                      0x08010889   Thumb Code   444  plc_switch.o(.text.plc_switch_set_port)
    plc_user_init                            0x08010a45   Thumb Code    52  plc_user.o(.text.plc_user_init)
    plc_user_scan                            0x08010a79   Thumb Code   146  plc_user.o(.text.plc_user_scan)
    prveMBError2Exception                    0x08010b0d   Thumb Code    74  mb_utils.o(.text.prveMBError2Exception)
    prvucMBLRC                               0x08010bb1   Thumb Code    92  mb_crc.o(.text.prvucMBLRC)
    usMBCRC16                                0x08010c0d   Thumb Code   130  mb_crc.o(.text.usMBCRC16)
    __scatterload_copy                       0x08010c8f   Thumb Code    14  handlers.o(i.__scatterload_copy)
    __scatterload_null                       0x08010c9d   Thumb Code     2  handlers.o(i.__scatterload_null)
    __scatterload_zeroinit                   0x08010c9f   Thumb Code    14  handlers.o(i.__scatterload_zeroinit)
    AHBPrescTable                            0x08010cac   Data          16  system_stm32f1xx.o(.rodata.AHBPrescTable)
    APBPrescTable                            0x08010cbc   Data           8  system_stm32f1xx.o(.rodata.APBPrescTable)
    ETH_CONFIG_LOCAL_GATEWAY                 0x08010cc4   Data           4  eth_type.o(.rodata.ETH_CONFIG_LOCAL_GATEWAY)
    ETH_CONFIG_LOCAL_IP                      0x08010cc8   Data           4  eth_type.o(.rodata.ETH_CONFIG_LOCAL_IP)
    ETH_CONFIG_LOCAL_PHYADDR                 0x08010ccc   Data           6  eth_type.o(.rodata.ETH_CONFIG_LOCAL_PHYADDR)
    ETH_CONFIG_LOCAL_SUBMASK                 0x08010cd2   Data           4  eth_type.o(.rodata.ETH_CONFIG_LOCAL_SUBMASK)
    ETH_CONFIG_MODBUS_IP                     0x08010cd6   Data           4  eth_type.o(.rodata.ETH_CONFIG_MODBUS_IP)
    ETH_CONFIG_MODBUS_REMOTE_PORT            0x08010cda   Data           2  eth_type.o(.rodata.ETH_CONFIG_MODBUS_REMOTE_PORT)
    ETH_CONFIG_MODBUS_SOCKET                 0x08010cdc   Data           1  eth_type.o(.rodata.ETH_CONFIG_MODBUS_SOCKET)
    Region$$Table$$Base                      0x08010f20   Number         0  anon$$obj.o(Region$$Table)
    Region$$Table$$Limit                     0x08010f40   Number         0  anon$$obj.o(Region$$Table)
    SystemCoreClock                          0x20000000   Data           4  system_stm32f1xx.o(.data.SystemCoreClock)
    timer_motor_map                          0x20000008   Data          10  plc_motor.o(.data.timer_motor_map)
    uwTickFreq                               0x20000014   Data           1  stm32f1xx_hal.o(.data.uwTickFreq)
    uwTickPrio                               0x20000018   Data           4  stm32f1xx_hal.o(.data.uwTickPrio)
    ETH_SOCKET_Struct                        0x200000e0   Data         141  eth_type.o(.bss.ETH_SOCKET_Struct)
    buffer                                   0x2000016d   Data           1  app_usart.o(.bss.buffer)
    g_eth_user_port                          0x2000018c   Data           8  mb_tcp.o(.bss.g_eth_user_port)
    g_mb_var_port                            0x20000194   Data        1656  mb_serial.o(.bss.g_mb_var_port)
    g_plc_beep_port                          0x2000080c   Data          32  plc_beep.o(.bss.g_plc_beep_port)
    g_plc_bridge_port                        0x2000082c   Data         108  plc_bridge.o(.bss.g_plc_bridge_port)
    g_plc_button_hw_port                     0x20000898   Data          48  plc_button.o(.bss.g_plc_button_hw_port)
    g_plc_can_port                           0x200008c8   Data          68  plc_can.o(.bss.g_plc_can_port)
    g_plc_delay_port                         0x2000090c   Data          96  plc_delay.o(.bss.g_plc_delay_port)
    g_plc_eep_port                           0x2000096c   Data          20  plc_eep.o(.bss.g_plc_eep_port)
    g_plc_flow_global_port                   0x20000980   Data           1  plc_flow.o(.bss.g_plc_flow_global_port)
    g_plc_flow_observed_port                 0x20000984   Data         112  plc_flow.o(.bss.g_plc_flow_observed_port)
    g_plc_flow_sort_port                     0x200009f4   Data          80  plc_flow.o(.bss.g_plc_flow_sort_port)
    g_plc_flow_test_motor_port               0x20000a44   Data          15  plc_test.o(.bss.g_plc_flow_test_motor_port)
    g_plc_flow_test_switch_port              0x20000a53   Data          15  plc_test.o(.bss.g_plc_flow_test_switch_port)
    g_plc_input_port                         0x20000a64   Data         408  plc_input.o(.bss.g_plc_input_port)
    g_plc_motor_port                         0x20000bfc   Data        1536  plc_motor.o(.bss.g_plc_motor_port)
    g_plc_switch_port                        0x200011fc   Data         576  plc_switch.o(.bss.g_plc_switch_port)
    hcan                                     0x2000143c   Data          40  main.o(.bss.hcan)
    hi2c1                                    0x20001464   Data          84  main.o(.bss.hi2c1)
    hspi2                                    0x200014b8   Data          88  main.o(.bss.hspi2)
    htim10                                   0x20001510   Data          64  main.o(.bss.htim10)
    htim11                                   0x20001550   Data          64  main.o(.bss.htim11)
    htim12                                   0x20001590   Data          64  main.o(.bss.htim12)
    htim13                                   0x200015d0   Data          64  main.o(.bss.htim13)
    htim14                                   0x20001610   Data          64  main.o(.bss.htim14)
    htim3                                    0x20001650   Data          64  main.o(.bss.htim3)
    htim5                                    0x20001690   Data          64  main.o(.bss.htim5)
    htim6                                    0x200016d0   Data          64  main.o(.bss.htim6)
    htim7                                    0x20001710   Data          64  main.o(.bss.htim7)
    htim8                                    0x20001750   Data          64  main.o(.bss.htim8)
    htim9                                    0x20001790   Data          64  main.o(.bss.htim9)
    huart1                                   0x200017d0   Data          64  main.o(.bss.huart1)
    huart2                                   0x20001810   Data          64  main.o(.bss.huart2)
    huart3                                   0x20001850   Data          64  main.o(.bss.huart3)
    huart4                                   0x20001890   Data          64  main.o(.bss.huart4)
    huart5                                   0x200018d0   Data          64  main.o(.bss.huart5)
    p_g_flow_action_enable                   0x20001914   Data           4  plc_flow.o(.bss.p_g_flow_action_enable)
    pusRegHoldingBuf                         0x20001920   Data          48  mb_cb.o(.bss.pusRegHoldingBuf)
    txd_frame                                0x20001951   Data          64  mb_serial.o(.bss.txd_frame)
    uwTick                                   0x20001998   Data           4  stm32f1xx_hal.o(.bss.uwTick)
    __initial_sp                             0x200069a0   Data           0  startup_stm32f103xg.o(STACK)



==============================================================================

Memory Map of the image

  Image Entry point : 0x08000131

  Load Region LR_IROM1 (Base: 0x08000000, Size: 0x00011020, Max: 0x00100000, ABSOLUTE)

    Execution Region ER_IROM1 (Exec base: 0x08000000, Load base: 0x08000000, Size: 0x00010f40, Max: 0x00100000, ABSOLUTE)

    Exec Addr    Load Addr    Size         Type   Attr      Idx    E Section Name        Object

    0x08000000   0x08000000   0x00000130   Data   RO          240    RESET               startup_stm32f103xg.o
    0x08000130   0x08000130   0x00000000   Code   RO         2088  * .ARM.Collect$$$$00000000  mc_w.l(entry.o)
    0x08000130   0x08000130   0x00000004   Code   RO         2121    .ARM.Collect$$$$00000001  mc_w.l(entry2.o)
    0x08000134   0x08000134   0x00000004   Code   RO         2124    .ARM.Collect$$$$00000004  mc_w.l(entry5.o)
    0x08000138   0x08000138   0x00000000   Code   RO         2126    .ARM.Collect$$$$00000008  mc_w.l(entry7b.o)
    0x08000138   0x08000138   0x00000000   Code   RO         2128    .ARM.Collect$$$$0000000A  mc_w.l(entry8b.o)
    0x08000138   0x08000138   0x00000008   Code   RO         2129    .ARM.Collect$$$$0000000B  mc_w.l(entry9a.o)
    0x08000140   0x08000140   0x00000000   Code   RO         2131    .ARM.Collect$$$$0000000D  mc_w.l(entry10a.o)
    0x08000140   0x08000140   0x00000000   Code   RO         2133    .ARM.Collect$$$$0000000F  mc_w.l(entry11a.o)
    0x08000140   0x08000140   0x00000004   Code   RO         2122    .ARM.Collect$$$$00002712  mc_w.l(entry2.o)
    0x08000144   0x08000144   0x00000024   Code   RO          241    .text               startup_stm32f103xg.o
    0x08000168   0x08000168   0x00000024   Code   RO         2091    .text               mc_w.l(memseta.o)
    0x0800018c   0x0800018c   0x000000b0   Code   RO         2095    .text               mf_w.l(fadd.o)
    0x0800023c   0x0800023c   0x00000064   Code   RO         2097    .text               mf_w.l(fmul.o)
    0x080002a0   0x080002a0   0x0000007c   Code   RO         2099    .text               mf_w.l(fdiv.o)
    0x0800031c   0x0800031c   0x000000e4   Code   RO         2101    .text               mf_w.l(dmul.o)
    0x08000400   0x08000400   0x0000001c   Code   RO         2103    .text               mf_w.l(fcmple.o)
    0x0800041c   0x0800041c   0x0000001c   Code   RO         2105    .text               mf_w.l(fcmplt.o)
    0x08000438   0x08000438   0x0000001c   Code   RO         2107    .text               mf_w.l(fcmpge.o)
    0x08000454   0x08000454   0x0000001c   Code   RO         2109    .text               mf_w.l(fcmpgt.o)
    0x08000470   0x08000470   0x00000012   Code   RO         2111    .text               mf_w.l(fflti.o)
    0x08000482   0x08000482   0x0000000a   Code   RO         2113    .text               mf_w.l(ffltui.o)
    0x0800048c   0x0800048c   0x00000032   Code   RO         2115    .text               mf_w.l(ffixi.o)
    0x080004be   0x080004be   0x0000003e   Code   RO         2117    .text               mf_w.l(dfixi.o)
    0x080004fc   0x080004fc   0x00000026   Code   RO         2119    .text               mf_w.l(f2d.o)
    0x08000522   0x08000522   0x00000020   Code   RO         2135    .text               mc_w.l(llushr.o)
    0x08000542   0x08000542   0x00000000   Code   RO         2137    .text               mc_w.l(iusefp.o)
    0x08000542   0x08000542   0x0000006e   Code   RO         2138    .text               mf_w.l(fepilogue.o)
    0x080005b0   0x080005b0   0x000000ba   Code   RO         2140    .text               mf_w.l(depilogue.o)
    0x0800066a   0x0800066a   0x00000002   PAD
    0x0800066c   0x0800066c   0x00000030   Code   RO         2142    .text               mc_w.l(init.o)
    0x0800069c   0x0800069c   0x0000001e   Code   RO         2144    .text               mc_w.l(llshl.o)
    0x080006ba   0x080006ba   0x00000002   PAD
    0x080006bc   0x080006bc   0x00000004   Code   RO          137    .text.BusFault_Handler  stm32f1xx_it.o
    0x080006c0   0x080006c0   0x000000a0   Code   RO          466    .text.Close_read_camera  plc_test.o
    0x08000760   0x08000760   0x00000002   Code   RO          143    .text.DebugMon_Handler  stm32f1xx_it.o
    0x08000762   0x08000762   0x00000002   PAD
    0x08000764   0x08000764   0x00000008   Code   RO          876    .text.EHT_GET_TICK  eth_spi.o
    0x0800076c   0x0800076c   0x00000036   Code   RO          874    .text.EHT_SPI_ReadByte1  eth_spi.o
    0x080007a2   0x080007a2   0x00000002   PAD
    0x080007a4   0x080007a4   0x00000036   Code   RO          870    .text.EHT_SPI_WriteByte1  eth_spi.o
    0x080007da   0x080007da   0x00000002   PAD
    0x080007dc   0x080007dc   0x00000044   Code   RO          872    .text.EHT_SPI_WriteByte2  eth_spi.o
    0x08000820   0x08000820   0x000001a4   Code   RO          835    .text.ETH_SOCKET_ReadBuffer  eth_socket.o
    0x080009c4   0x080009c4   0x0000003e   Code   RO          831    .text.ETH_SOCKET_ReadByte1  eth_socket.o
    0x08000a02   0x08000a02   0x00000002   PAD
    0x08000a04   0x08000a04   0x00000050   Code   RO          833    .text.ETH_SOCKET_ReadByte2  eth_socket.o
    0x08000a54   0x08000a54   0x00000070   Code   RO          841    .text.ETH_SOCKET_RemoteVarConfig  eth_socket.o
    0x08000ac4   0x08000ac4   0x0000018e   Code   RO          839    .text.ETH_SOCKET_WriteBuffer  eth_socket.o
    0x08000c52   0x08000c52   0x00000002   PAD
    0x08000c54   0x08000c54   0x0000003e   Code   RO          825    .text.ETH_SOCKET_WriteByte1  eth_socket.o
    0x08000c92   0x08000c92   0x00000002   PAD
    0x08000c94   0x08000c94   0x0000003e   Code   RO          827    .text.ETH_SOCKET_WriteByte2  eth_socket.o
    0x08000cd2   0x08000cd2   0x00000002   PAD
    0x08000cd4   0x08000cd4   0x00000064   Code   RO          829    .text.ETH_SOCKET_WriteByte4  eth_socket.o
    0x08000d38   0x08000d38   0x00000048   Code   RO          866    .text.ETH_SPI_SetCS  eth_spi.o
    0x08000d80   0x08000d80   0x00000044   Code   RO          868    .text.ETH_SPI_SetRst  eth_spi.o
    0x08000dc4   0x08000dc4   0x0000009e   Code   RO          915    .text.ETH_W5500_LocalVarConfig  eth_w5500.o
    0x08000e62   0x08000e62   0x00000002   PAD
    0x08000e64   0x08000e64   0x0000000a   Code   RO          149    .text.EXTI0_IRQHandler  stm32f1xx_it.o
    0x08000e6e   0x08000e6e   0x00000002   PAD
    0x08000e70   0x08000e70   0x00000034   Code   RO          179    .text.EXTI15_10_IRQHandler  stm32f1xx_it.o
    0x08000ea4   0x08000ea4   0x0000000a   Code   RO          151    .text.EXTI1_IRQHandler  stm32f1xx_it.o
    0x08000eae   0x08000eae   0x00000002   PAD
    0x08000eb0   0x08000eb0   0x0000000a   Code   RO          153    .text.EXTI2_IRQHandler  stm32f1xx_it.o
    0x08000eba   0x08000eba   0x00000002   PAD
    0x08000ebc   0x08000ebc   0x0000000a   Code   RO          155    .text.EXTI3_IRQHandler  stm32f1xx_it.o
    0x08000ec6   0x08000ec6   0x00000002   PAD
    0x08000ec8   0x08000ec8   0x0000000a   Code   RO          157    .text.EXTI4_IRQHandler  stm32f1xx_it.o
    0x08000ed2   0x08000ed2   0x00000002   PAD
    0x08000ed4   0x08000ed4   0x00000026   Code   RO          163    .text.EXTI9_5_IRQHandler  stm32f1xx_it.o
    0x08000efa   0x08000efa   0x00000002   PAD
    0x08000efc   0x08000efc   0x00000002   Code   RO          102    .text.Error_Handler  main.o
    0x08000efe   0x08000efe   0x00000002   PAD
    0x08000f00   0x08000f00   0x00000008   Code   RO         1008    .text.HAL_CAN_ErrorCallback  stm32f1xx_hal_can.o
    0x08000f08   0x08000f08   0x000001f0   Code   RO          974    .text.HAL_CAN_GetRxMessage  stm32f1xx_hal_can.o
    0x080010f8   0x080010f8   0x000003f2   Code   RO          982    .text.HAL_CAN_IRQHandler  stm32f1xx_hal_can.o
    0x080014ea   0x080014ea   0x00000002   PAD
    0x080014ec   0x080014ec   0x000001de   Code   RO          944    .text.HAL_CAN_Init  stm32f1xx_hal_can.o
    0x080016ca   0x080016ca   0x00000002   PAD
    0x080016cc   0x080016cc   0x000000e8   Code   RO          206    .text.HAL_CAN_MspInit  stm32f1xx_hal_msp.o
    0x080017b4   0x080017b4   0x00000008   Code   RO          996    .text.HAL_CAN_RxFifo0FullCallback  stm32f1xx_hal_can.o
    0x080017bc   0x080017bc   0x00000008   Code   RO          998    .text.HAL_CAN_RxFifo0MsgPendingCallback  stm32f1xx_hal_can.o
    0x080017c4   0x080017c4   0x00000008   Code   RO         1000    .text.HAL_CAN_RxFifo1FullCallback  stm32f1xx_hal_can.o
    0x080017cc   0x080017cc   0x00000024   Code   RO           50    .text.HAL_CAN_RxFifo1MsgPendingCallback  app_can.o
    0x080017f0   0x080017f0   0x00000008   Code   RO         1004    .text.HAL_CAN_SleepCallback  stm32f1xx_hal_can.o
    0x080017f8   0x080017f8   0x00000008   Code   RO          986    .text.HAL_CAN_TxMailbox0AbortCallback  stm32f1xx_hal_can.o
    0x08001800   0x08001800   0x00000008   Code   RO          984    .text.HAL_CAN_TxMailbox0CompleteCallback  stm32f1xx_hal_can.o
    0x08001808   0x08001808   0x00000008   Code   RO          990    .text.HAL_CAN_TxMailbox1AbortCallback  stm32f1xx_hal_can.o
    0x08001810   0x08001810   0x00000008   Code   RO          988    .text.HAL_CAN_TxMailbox1CompleteCallback  stm32f1xx_hal_can.o
    0x08001818   0x08001818   0x00000008   Code   RO          994    .text.HAL_CAN_TxMailbox2AbortCallback  stm32f1xx_hal_can.o
    0x08001820   0x08001820   0x00000008   Code   RO          992    .text.HAL_CAN_TxMailbox2CompleteCallback  stm32f1xx_hal_can.o
    0x08001828   0x08001828   0x00000008   Code   RO         1006    .text.HAL_CAN_WakeUpFromRxMsgCallback  stm32f1xx_hal_can.o
    0x08001830   0x08001830   0x00000318   Code   RO         1863    .text.HAL_DMA_Abort_IT  stm32f1xx_hal_dma.o
    0x08001b48   0x08001b48   0x0000027a   Code   RO            2    .text.HAL_GPIO_EXTI_Callback  app_exti.o
    0x08001dc2   0x08001dc2   0x00000002   PAD
    0x08001dc4   0x08001dc4   0x00000038   Code   RO         1840    .text.HAL_GPIO_EXTI_IRQHandler  stm32f1xx_hal_gpio.o
    0x08001dfc   0x08001dfc   0x0000035a   Code   RO         1828    .text.HAL_GPIO_Init  stm32f1xx_hal_gpio.o
    0x08002156   0x08002156   0x00000002   PAD
    0x08002158   0x08002158   0x0000002e   Code   RO         1832    .text.HAL_GPIO_ReadPin  stm32f1xx_hal_gpio.o
    0x08002186   0x08002186   0x00000002   PAD
    0x08002188   0x08002188   0x0000002e   Code   RO         1834    .text.HAL_GPIO_WritePin  stm32f1xx_hal_gpio.o
    0x080021b6   0x080021b6   0x00000002   PAD
    0x080021b8   0x080021b8   0x0000000c   Code   RO         1730    .text.HAL_GetTick   stm32f1xx_hal.o
    0x080021c4   0x080021c4   0x00000008   Code   RO         1157    .text.HAL_I2C_AbortCpltCallback  stm32f1xx_hal_i2c.o
    0x080021cc   0x080021cc   0x00000010   Code   RO         1147    .text.HAL_I2C_AddrCallback  stm32f1xx_hal_i2c.o
    0x080021dc   0x080021dc   0x00000262   Code   RO         1107    .text.HAL_I2C_EV_IRQHandler  stm32f1xx_hal_i2c.o
    0x0800243e   0x0800243e   0x00000002   PAD
    0x08002440   0x08002440   0x00000008   Code   RO         1155    .text.HAL_I2C_ErrorCallback  stm32f1xx_hal_i2c.o
    0x08002448   0x08002448   0x0000023e   Code   RO         1023    .text.HAL_I2C_Init  stm32f1xx_hal_i2c.o
    0x08002686   0x08002686   0x00000002   PAD
    0x08002688   0x08002688   0x00000008   Code   RO         1149    .text.HAL_I2C_ListenCpltCallback  stm32f1xx_hal_i2c.o
    0x08002690   0x08002690   0x00000008   Code   RO         1141    .text.HAL_I2C_MasterRxCpltCallback  stm32f1xx_hal_i2c.o
    0x08002698   0x08002698   0x00000008   Code   RO         1139    .text.HAL_I2C_MasterTxCpltCallback  stm32f1xx_hal_i2c.o
    0x080026a0   0x080026a0   0x0000001c   Code   RO           41    .text.HAL_I2C_MemRxCpltCallback  app_i2c.o
    0x080026bc   0x080026bc   0x0000001c   Code   RO           39    .text.HAL_I2C_MemTxCpltCallback  app_i2c.o
    0x080026d8   0x080026d8   0x0000047e   Code   RO         1093    .text.HAL_I2C_Mem_Read  stm32f1xx_hal_i2c.o
    0x08002b56   0x08002b56   0x00000002   PAD
    0x08002b58   0x08002b58   0x0000024a   Code   RO         1089    .text.HAL_I2C_Mem_Write  stm32f1xx_hal_i2c.o
    0x08002da2   0x08002da2   0x00000002   PAD
    0x08002da4   0x08002da4   0x00000090   Code   RO          210    .text.HAL_I2C_MspInit  stm32f1xx_hal_msp.o
    0x08002e34   0x08002e34   0x00000008   Code   RO         1145    .text.HAL_I2C_SlaveRxCpltCallback  stm32f1xx_hal_i2c.o
    0x08002e3c   0x08002e3c   0x00000008   Code   RO         1143    .text.HAL_I2C_SlaveTxCpltCallback  stm32f1xx_hal_i2c.o
    0x08002e44   0x08002e44   0x0000001a   Code   RO         1728    .text.HAL_IncTick   stm32f1xx_hal.o
    0x08002e5e   0x08002e5e   0x00000002   PAD
    0x08002e60   0x08002e60   0x0000002c   Code   RO         1718    .text.HAL_Init      stm32f1xx_hal.o
    0x08002e8c   0x08002e8c   0x00000070   Code   RO         1720    .text.HAL_InitTick  stm32f1xx_hal.o
    0x08002efc   0x08002efc   0x00000064   Code   RO          204    .text.HAL_MspInit   stm32f1xx_hal_msp.o
    0x08002f60   0x08002f60   0x00000014   Code   RO         1896    .text.HAL_NVIC_EnableIRQ  stm32f1xx_hal_cortex.o
    0x08002f74   0x08002f74   0x00000032   Code   RO         1888    .text.HAL_NVIC_SetPriority  stm32f1xx_hal_cortex.o
    0x08002fa6   0x08002fa6   0x00000002   PAD
    0x08002fa8   0x08002fa8   0x00000010   Code   RO         1884    .text.HAL_NVIC_SetPriorityGrouping  stm32f1xx_hal_cortex.o
    0x08002fb8   0x08002fb8   0x000002c0   Code   RO         1780    .text.HAL_RCC_ClockConfig  stm32f1xx_hal_rcc.o
    0x08003278   0x08003278   0x0000000c   Code   RO         1790    .text.HAL_RCC_GetHCLKFreq  stm32f1xx_hal_rcc.o
    0x08003284   0x08003284   0x00000022   Code   RO         1792    .text.HAL_RCC_GetPCLK1Freq  stm32f1xx_hal_rcc.o
    0x080032a6   0x080032a6   0x00000002   PAD
    0x080032a8   0x080032a8   0x00000022   Code   RO         1794    .text.HAL_RCC_GetPCLK2Freq  stm32f1xx_hal_rcc.o
    0x080032ca   0x080032ca   0x00000002   PAD
    0x080032cc   0x080032cc   0x000000e4   Code   RO         1782    .text.HAL_RCC_GetSysClockFreq  stm32f1xx_hal_rcc.o
    0x080033b0   0x080033b0   0x0000062e   Code   RO         1776    .text.HAL_RCC_OscConfig  stm32f1xx_hal_rcc.o
    0x080039de   0x080039de   0x00000002   PAD
    0x080039e0   0x080039e0   0x000000b4   Code   RO         1295    .text.HAL_SPI_Init  stm32f1xx_hal_spi_ex.o
    0x08003a94   0x08003a94   0x00000098   Code   RO          214    .text.HAL_SPI_MspInit  stm32f1xx_hal_msp.o
    0x08003b2c   0x08003b2c   0x0000023a   Code   RO         1192    .text.HAL_SPI_Receive  stm32f1xx_hal_spi.o
    0x08003d66   0x08003d66   0x00000002   PAD
    0x08003d68   0x08003d68   0x0000028e   Code   RO         1186    .text.HAL_SPI_Transmit  stm32f1xx_hal_spi.o
    0x08003ff6   0x08003ff6   0x00000002   PAD
    0x08003ff8   0x08003ff8   0x0000035e   Code   RO         1194    .text.HAL_SPI_TransmitReceive  stm32f1xx_hal_spi.o
    0x08004356   0x08004356   0x00000002   PAD
    0x08004358   0x08004358   0x00000010   Code   RO         1908    .text.HAL_SYSTICK_Config  stm32f1xx_hal_cortex.o
    0x08004368   0x08004368   0x0000004c   Code   RO         1734    .text.HAL_SetTickFreq  stm32f1xx_hal.o
    0x080043b4   0x080043b4   0x00000008   Code   RO         1590    .text.HAL_TIMEx_BreakCallback  stm32f1xx_hal_tim_ex.o
    0x080043bc   0x080043bc   0x00000008   Code   RO         1588    .text.HAL_TIMEx_CommutationCallback  stm32f1xx_hal_tim_ex.o
    0x080043c4   0x080043c4   0x00000088   Code   RO         1586    .text.HAL_TIMEx_MasterConfigSynchronization  stm32f1xx_hal_tim_ex.o
    0x0800444c   0x0800444c   0x00000058   Code   RO         1303    .text.HAL_TIM_Base_Init  stm32f1xx_hal_tim.o
    0x080044a4   0x080044a4   0x000002ec   Code   RO          220    .text.HAL_TIM_Base_MspInit  stm32f1xx_hal_msp.o
    0x08004790   0x08004790   0x00000022   Code   RO         1317    .text.HAL_TIM_Base_Start_IT  stm32f1xx_hal_tim.o
    0x080047b2   0x080047b2   0x00000002   PAD
    0x080047b4   0x080047b4   0x0000004a   Code   RO         1319    .text.HAL_TIM_Base_Stop_IT  stm32f1xx_hal_tim.o
    0x080047fe   0x080047fe   0x00000002   PAD
    0x08004800   0x08004800   0x000001b8   Code   RO         1483    .text.HAL_TIM_ConfigClockSource  stm32f1xx_hal_tim.o
    0x080049b8   0x080049b8   0x00000008   Code   RO         1433    .text.HAL_TIM_IC_CaptureCallback  stm32f1xx_hal_tim.o
    0x080049c0   0x080049c0   0x0000027a   Code   RO         1431    .text.HAL_TIM_IRQHandler  stm32f1xx_hal_tim.o
    0x08004c3a   0x08004c3a   0x00000002   PAD
    0x08004c3c   0x08004c3c   0x0000008a   Code   RO          222    .text.HAL_TIM_MspPostInit  stm32f1xx_hal_msp.o
    0x08004cc6   0x08004cc6   0x00000002   PAD
    0x08004cc8   0x08004cc8   0x00000008   Code   RO         1435    .text.HAL_TIM_OC_DelayElapsedCallback  stm32f1xx_hal_tim.o
    0x08004cd0   0x08004cd0   0x00000144   Code   RO         1463    .text.HAL_TIM_PWM_ConfigChannel  stm32f1xx_hal_tim.o
    0x08004e14   0x08004e14   0x00000058   Code   RO         1353    .text.HAL_TIM_PWM_Init  stm32f1xx_hal_tim.o
    0x08004e6c   0x08004e6c   0x0000003a   Code   RO          218    .text.HAL_TIM_PWM_MspInit  stm32f1xx_hal_msp.o
    0x08004ea6   0x08004ea6   0x00000002   PAD
    0x08004ea8   0x08004ea8   0x00000008   Code   RO         1437    .text.HAL_TIM_PWM_PulseFinishedCallback  stm32f1xx_hal_tim.o
    0x08004eb0   0x08004eb0   0x0000006c   Code   RO         1361    .text.HAL_TIM_PWM_Start  stm32f1xx_hal_tim.o
    0x08004f1c   0x08004f1c   0x00000120   Code   RO           10    .text.HAL_TIM_PeriodElapsedCallback  app_tim.o
    0x0800503c   0x0800503c   0x00000008   Code   RO         1441    .text.HAL_TIM_TriggerCallback  stm32f1xx_hal_tim.o
    0x08005044   0x08005044   0x00000008   Code   RO         1683    .text.HAL_UART_ErrorCallback  stm32f1xx_hal_uart.o
    0x0800504c   0x0800504c   0x000001fc   Code   RO         1677    .text.HAL_UART_IRQHandler  stm32f1xx_hal_uart.o
    0x08005248   0x08005248   0x0000009a   Code   RO         1601    .text.HAL_UART_Init  stm32f1xx_hal_uart.o
    0x080052e2   0x080052e2   0x00000002   PAD
    0x080052e4   0x080052e4   0x0000032c   Code   RO          228    .text.HAL_UART_MspInit  stm32f1xx_hal_msp.o
    0x08005610   0x08005610   0x000000ba   Code   RO         1625    .text.HAL_UART_Receive_IT  stm32f1xx_hal_uart.o
    0x080056ca   0x080056ca   0x00000002   PAD
    0x080056cc   0x080056cc   0x00000108   Code   RO           18    .text.HAL_UART_RxCpltCallback  app_usart.o
    0x080057d4   0x080057d4   0x00000160   Code   RO         1617    .text.HAL_UART_Transmit  stm32f1xx_hal_uart.o
    0x08005934   0x08005934   0x000000a2   Code   RO         1623    .text.HAL_UART_Transmit_IT  stm32f1xx_hal_uart.o
    0x080059d6   0x080059d6   0x00000002   PAD
    0x080059d8   0x080059d8   0x000000c8   Code   RO           20    .text.HAL_UART_TxCpltCallback  app_usart.o
    0x08005aa0   0x08005aa0   0x00000004   Code   RO          133    .text.HardFault_Handler  stm32f1xx_it.o
    0x08005aa4   0x08005aa4   0x00000010   Code   RO          171    .text.I2C1_EV_IRQHandler  stm32f1xx_it.o
    0x08005ab4   0x08005ab4   0x00000086   Code   RO         1165    .text.I2C_DMAAbort  stm32f1xx_hal_i2c.o
    0x08005b3a   0x08005b3a   0x00000002   PAD
    0x08005b3c   0x08005b3c   0x000001fa   Code   RO         1083    .text.I2C_ITError   stm32f1xx_hal_i2c.o
    0x08005d36   0x08005d36   0x00000002   PAD
    0x08005d38   0x08005d38   0x0000005a   Code   RO         1169    .text.I2C_IsAcknowledgeFailed  stm32f1xx_hal_i2c.o
    0x08005d92   0x08005d92   0x00000002   PAD
    0x08005d94   0x08005d94   0x00000156   Code   RO         1121    .text.I2C_MasterReceive_BTF  stm32f1xx_hal_i2c.o
    0x08005eea   0x08005eea   0x00000002   PAD
    0x08005eec   0x08005eec   0x00000120   Code   RO         1119    .text.I2C_MasterReceive_RXNE  stm32f1xx_hal_i2c.o
    0x0800600c   0x0800600c   0x000000dc   Code   RO         1117    .text.I2C_MasterTransmit_BTF  stm32f1xx_hal_i2c.o
    0x080060e8   0x080060e8   0x000001e0   Code   RO         1115    .text.I2C_MasterTransmit_TXE  stm32f1xx_hal_i2c.o
    0x080062c8   0x080062c8   0x00000016   Code   RO         1111    .text.I2C_Master_ADD10  stm32f1xx_hal_i2c.o
    0x080062de   0x080062de   0x00000002   PAD
    0x080062e0   0x080062e0   0x000002de   Code   RO         1113    .text.I2C_Master_ADDR  stm32f1xx_hal_i2c.o
    0x080065be   0x080065be   0x00000002   PAD
    0x080065c0   0x080065c0   0x000000be   Code   RO         1109    .text.I2C_Master_SB  stm32f1xx_hal_i2c.o
    0x0800667e   0x0800667e   0x00000002   PAD
    0x08006680   0x08006680   0x000001e8   Code   RO         1095    .text.I2C_RequestMemoryRead  stm32f1xx_hal_i2c.o
    0x08006868   0x08006868   0x00000140   Code   RO         1091    .text.I2C_RequestMemoryWrite  stm32f1xx_hal_i2c.o
    0x080069a8   0x080069a8   0x0000002c   Code   RO         1133    .text.I2C_SlaveReceive_BTF  stm32f1xx_hal_i2c.o
    0x080069d4   0x080069d4   0x00000068   Code   RO         1131    .text.I2C_SlaveReceive_RXNE  stm32f1xx_hal_i2c.o
    0x08006a3c   0x08006a3c   0x0000002c   Code   RO         1129    .text.I2C_SlaveTransmit_BTF  stm32f1xx_hal_i2c.o
    0x08006a68   0x08006a68   0x00000068   Code   RO         1127    .text.I2C_SlaveTransmit_TXE  stm32f1xx_hal_i2c.o
    0x08006ad0   0x08006ad0   0x00000064   Code   RO         1123    .text.I2C_Slave_ADDR  stm32f1xx_hal_i2c.o
    0x08006b34   0x08006b34   0x0000017e   Code   RO         1125    .text.I2C_Slave_STOPF  stm32f1xx_hal_i2c.o
    0x08006cb2   0x08006cb2   0x00000002   PAD
    0x08006cb4   0x08006cb4   0x00000090   Code   RO         1039    .text.I2C_WaitOnBTFFlagUntilTimeout  stm32f1xx_hal_i2c.o
    0x08006d44   0x08006d44   0x000000ba   Code   RO         1033    .text.I2C_WaitOnFlagUntilTimeout  stm32f1xx_hal_i2c.o
    0x08006dfe   0x08006dfe   0x00000002   PAD
    0x08006e00   0x08006e00   0x000000f6   Code   RO         1167    .text.I2C_WaitOnMasterAddressFlagUntilTimeout  stm32f1xx_hal_i2c.o
    0x08006ef6   0x08006ef6   0x00000002   PAD
    0x08006ef8   0x08006ef8   0x000000b2   Code   RO         1045    .text.I2C_WaitOnRXNEFlagUntilTimeout  stm32f1xx_hal_i2c.o
    0x08006faa   0x08006faa   0x00000002   PAD
    0x08006fac   0x08006fac   0x0000008e   Code   RO         1037    .text.I2C_WaitOnTXEFlagUntilTimeout  stm32f1xx_hal_i2c.o
    0x0800703a   0x0800703a   0x00000002   PAD
    0x0800703c   0x0800703c   0x0000004e   Code   RO          100    .text.MX_CAN_Init   main.o
    0x0800708a   0x0800708a   0x00000002   PAD
    0x0800708c   0x0800708c   0x00000318   Code   RO           62    .text.MX_GPIO_Init  main.o
    0x080073a4   0x080073a4   0x0000004a   Code   RO           74    .text.MX_I2C1_Init  main.o
    0x080073ee   0x080073ee   0x00000002   PAD
    0x080073f0   0x080073f0   0x00000050   Code   RO           76    .text.MX_SPI2_Init  main.o
    0x08007440   0x08007440   0x00000034   Code   RO           88    .text.MX_TIM10_Init  main.o
    0x08007474   0x08007474   0x00000034   Code   RO           80    .text.MX_TIM11_Init  main.o
    0x080074a8   0x080074a8   0x0000005e   Code   RO           90    .text.MX_TIM12_Init  main.o
    0x08007506   0x08007506   0x00000002   PAD
    0x08007508   0x08007508   0x00000034   Code   RO           92    .text.MX_TIM13_Init  main.o
    0x0800753c   0x0800753c   0x00000034   Code   RO           94    .text.MX_TIM14_Init  main.o
    0x08007570   0x08007570   0x000000e8   Code   RO           78    .text.MX_TIM3_Init  main.o
    0x08007658   0x08007658   0x00000082   Code   RO           98    .text.MX_TIM5_Init  main.o
    0x080076da   0x080076da   0x00000002   PAD
    0x080076dc   0x080076dc   0x00000058   Code   RO           96    .text.MX_TIM6_Init  main.o
    0x08007734   0x08007734   0x00000058   Code   RO           82    .text.MX_TIM7_Init  main.o
    0x0800778c   0x0800778c   0x00000086   Code   RO           84    .text.MX_TIM8_Init  main.o
    0x08007812   0x08007812   0x00000002   PAD
    0x08007814   0x08007814   0x0000005e   Code   RO           86    .text.MX_TIM9_Init  main.o
    0x08007872   0x08007872   0x00000002   PAD
    0x08007874   0x08007874   0x00000040   Code   RO           70    .text.MX_UART4_Init  main.o
    0x080078b4   0x080078b4   0x00000040   Code   RO           72    .text.MX_UART5_Init  main.o
    0x080078f4   0x080078f4   0x00000040   Code   RO           64    .text.MX_USART1_UART_Init  main.o
    0x08007934   0x08007934   0x00000040   Code   RO           66    .text.MX_USART2_UART_Init  main.o
    0x08007974   0x08007974   0x00000040   Code   RO           68    .text.MX_USART3_UART_Init  main.o
    0x080079b4   0x080079b4   0x00000004   Code   RO          135    .text.MemManage_Handler  stm32f1xx_it.o
    0x080079b8   0x080079b8   0x00000002   Code   RO          131    .text.NMI_Handler   stm32f1xx_it.o
    0x080079ba   0x080079ba   0x00000002   PAD
    0x080079bc   0x080079bc   0x00000024   Code   RO         1898    .text.NVIC_EnableIRQ  stm32f1xx_hal_cortex.o
    0x080079e0   0x080079e0   0x0000006c   Code   RO         1894    .text.NVIC_EncodePriority  stm32f1xx_hal_cortex.o
    0x08007a4c   0x08007a4c   0x00000010   Code   RO         1890    .text.NVIC_GetPriorityGrouping  stm32f1xx_hal_cortex.o
    0x08007a5c   0x08007a5c   0x00000044   Code   RO         1892    .text.NVIC_SetPriority  stm32f1xx_hal_cortex.o
    0x08007aa0   0x08007aa0   0x0000003c   Code   RO         1886    .text.NVIC_SetPriorityGrouping  stm32f1xx_hal_cortex.o
    0x08007adc   0x08007adc   0x00000002   Code   RO          145    .text.PendSV_Handler  stm32f1xx_it.o
    0x08007ade   0x08007ade   0x00000002   PAD
    0x08007ae0   0x08007ae0   0x0000003a   Code   RO         1778    .text.RCC_Delay     stm32f1xx_hal_rcc.o
    0x08007b1a   0x08007b1a   0x00000002   PAD
    0x08007b1c   0x08007b1c   0x00000042   Code   RO         1190    .text.SPI_CheckFlag_BSY  stm32f1xx_hal_spi.o
    0x08007b5e   0x08007b5e   0x00000002   PAD
    0x08007b60   0x08007b60   0x000000e6   Code   RO         1188    .text.SPI_WaitFlagStateUntilTimeout  stm32f1xx_hal_spi.o
    0x08007c46   0x08007c46   0x00000002   PAD
    0x08007c48   0x08007c48   0x00000002   Code   RO          141    .text.SVC_Handler   stm32f1xx_it.o
    0x08007c4a   0x08007c4a   0x00000002   PAD
    0x08007c4c   0x08007c4c   0x00000052   Code   RO         1910    .text.SysTick_Config  stm32f1xx_hal_cortex.o
    0x08007c9e   0x08007c9e   0x00000002   PAD
    0x08007ca0   0x08007ca0   0x00000008   Code   RO          147    .text.SysTick_Handler  stm32f1xx_it.o
    0x08007ca8   0x08007ca8   0x0000006c   Code   RO           60    .text.SystemClock_Config  main.o
    0x08007d14   0x08007d14   0x00000060   Code   RO         2075    .text.SystemInit    system_stm32f1xx.o
    0x08007d74   0x08007d74   0x00000010   Code   RO          165    .text.TIM1_BRK_TIM9_IRQHandler  stm32f1xx_it.o
    0x08007d84   0x08007d84   0x00000010   Code   RO          169    .text.TIM1_TRG_COM_TIM11_IRQHandler  stm32f1xx_it.o
    0x08007d94   0x08007d94   0x00000010   Code   RO          167    .text.TIM1_UP_TIM10_IRQHandler  stm32f1xx_it.o
    0x08007da4   0x08007da4   0x00000010   Code   RO          187    .text.TIM5_IRQHandler  stm32f1xx_it.o
    0x08007db4   0x08007db4   0x00000010   Code   RO          193    .text.TIM6_IRQHandler  stm32f1xx_it.o
    0x08007dc4   0x08007dc4   0x00000010   Code   RO          195    .text.TIM7_IRQHandler  stm32f1xx_it.o
    0x08007dd4   0x08007dd4   0x0000001c   Code   RO          181    .text.TIM8_BRK_TIM12_IRQHandler  stm32f1xx_it.o
    0x08007df0   0x08007df0   0x0000001c   Code   RO          185    .text.TIM8_TRG_COM_TIM14_IRQHandler  stm32f1xx_it.o
    0x08007e0c   0x08007e0c   0x0000001c   Code   RO          183    .text.TIM8_UP_TIM13_IRQHandler  stm32f1xx_it.o
    0x08007e28   0x08007e28   0x000001a8   Code   RO         1307    .text.TIM_Base_SetConfig  stm32f1xx_hal_tim.o
    0x08007fd0   0x08007fd0   0x00000032   Code   RO         1339    .text.TIM_CCxChannelCmd  stm32f1xx_hal_tim.o
    0x08008002   0x08008002   0x00000002   PAD
    0x08008004   0x08008004   0x00000038   Code   RO         1481    .text.TIM_ETR_SetConfig  stm32f1xx_hal_tim.o
    0x0800803c   0x0800803c   0x00000032   Code   RO         1487    .text.TIM_ITRx_SetConfig  stm32f1xx_hal_tim.o
    0x0800806e   0x0800806e   0x00000002   PAD
    0x08008070   0x08008070   0x000000f6   Code   RO         1445    .text.TIM_OC1_SetConfig  stm32f1xx_hal_tim.o
    0x08008166   0x08008166   0x00000002   PAD
    0x08008168   0x08008168   0x00000100   Code   RO         1447    .text.TIM_OC2_SetConfig  stm32f1xx_hal_tim.o
    0x08008268   0x08008268   0x000000fe   Code   RO         1449    .text.TIM_OC3_SetConfig  stm32f1xx_hal_tim.o
    0x08008366   0x08008366   0x00000002   PAD
    0x08008368   0x08008368   0x000000ae   Code   RO         1451    .text.TIM_OC4_SetConfig  stm32f1xx_hal_tim.o
    0x08008416   0x08008416   0x00000002   PAD
    0x08008418   0x08008418   0x00000056   Code   RO         1485    .text.TIM_TI1_ConfigInputStage  stm32f1xx_hal_tim.o
    0x0800846e   0x0800846e   0x00000002   PAD
    0x08008470   0x08008470   0x00000058   Code   RO         1489    .text.TIM_TI2_ConfigInputStage  stm32f1xx_hal_tim.o
    0x080084c8   0x080084c8   0x00000010   Code   RO          189    .text.UART4_IRQHandler  stm32f1xx_it.o
    0x080084d8   0x080084d8   0x00000010   Code   RO          191    .text.UART5_IRQHandler  stm32f1xx_it.o
    0x080084e8   0x080084e8   0x00000020   Code   RO         1681    .text.UART_DMAAbortOnError  stm32f1xx_hal_uart.o
    0x08008508   0x08008508   0x00000028   Code   RO         1649    .text.UART_EndRxTransfer  stm32f1xx_hal_uart.o
    0x08008530   0x08008530   0x00000026   Code   RO         1687    .text.UART_EndTransmit_IT  stm32f1xx_hal_uart.o
    0x08008556   0x08008556   0x00000002   PAD
    0x08008558   0x08008558   0x000000ee   Code   RO         1679    .text.UART_Receive_IT  stm32f1xx_hal_uart.o
    0x08008646   0x08008646   0x00000002   PAD
    0x08008648   0x08008648   0x00000218   Code   RO         1605    .text.UART_SetConfig  stm32f1xx_hal_uart.o
    0x08008860   0x08008860   0x000000a0   Code   RO         1685    .text.UART_Transmit_IT  stm32f1xx_hal_uart.o
    0x08008900   0x08008900   0x0000009c   Code   RO         1619    .text.UART_WaitOnFlagUntilTimeout  stm32f1xx_hal_uart.o
    0x0800899c   0x0800899c   0x00000010   Code   RO          173    .text.USART1_IRQHandler  stm32f1xx_it.o
    0x080089ac   0x080089ac   0x00000010   Code   RO          175    .text.USART2_IRQHandler  stm32f1xx_it.o
    0x080089bc   0x080089bc   0x00000010   Code   RO          177    .text.USART3_IRQHandler  stm32f1xx_it.o
    0x080089cc   0x080089cc   0x00000010   Code   RO          159    .text.USB_HP_CAN1_TX_IRQHandler  stm32f1xx_it.o
    0x080089dc   0x080089dc   0x00000010   Code   RO          161    .text.USB_LP_CAN1_RX0_IRQHandler  stm32f1xx_it.o
    0x080089ec   0x080089ec   0x00000004   Code   RO          139    .text.UsageFault_Handler  stm32f1xx_it.o
    0x080089f0   0x080089f0   0x0000004c   Code   RO          476    .text.button_con    plc_test.o
    0x08008a3c   0x08008a3c   0x000000b2   Code   RO          755    .text.eMBFuncReadHoldingRegisterMaster  mb_func_holding.o
    0x08008aee   0x08008aee   0x00000002   PAD
    0x08008af0   0x08008af0   0x00000188   Code   RO          753    .text.eMBFuncReadHoldingRegisterSlave  mb_func_holding.o
    0x08008c78   0x08008c78   0x00000012   Code   RO          759    .text.eMBFuncReadWriteMultipleHoldingRegisterMaster  mb_func_holding.o
    0x08008c8a   0x08008c8a   0x00000002   PAD
    0x08008c8c   0x08008c8c   0x00000290   Code   RO          757    .text.eMBFuncReadWriteMultipleHoldingRegisterSlave  mb_func_holding.o
    0x08008f1c   0x08008f1c   0x00000012   Code   RO          747    .text.eMBFuncWriteHoldingRegisterMaster  mb_func_holding.o
    0x08008f2e   0x08008f2e   0x00000002   PAD
    0x08008f30   0x08008f30   0x00000098   Code   RO          745    .text.eMBFuncWriteHoldingRegisterSlave  mb_func_holding.o
    0x08008fc8   0x08008fc8   0x000000aa   Code   RO          751    .text.eMBFuncWriteMultipleHoldingRegisterMaster  mb_func_holding.o
    0x08009072   0x08009072   0x00000002   PAD
    0x08009074   0x08009074   0x0000023e   Code   RO          749    .text.eMBFuncWriteMultipleHoldingRegisterSlave  mb_func_holding.o
    0x080092b2   0x080092b2   0x00000002   PAD
    0x080092b4   0x080092b4   0x000001ca   Code   RO          613    .text.eMBRegHoldingCB  mb_cb.o
    0x0800947e   0x0800947e   0x00000002   PAD
    0x08009480   0x08009480   0x0000007c   Code   RO          817    .text.eth_user_init  eth_user.o
    0x080094fc   0x080094fc   0x0000007a   Code   RO          472    .text.finishRun     plc_test.o
    0x08009576   0x08009576   0x00000002   PAD
    0x08009578   0x08009578   0x00000090   Code   RO           58    .text.main          main.o
    0x08009608   0x08009608   0x00000088   Code   RO          706    .text.mb_ascii_frame_conform  mb_ascii.o
    0x08009690   0x08009690   0x00000084   Code   RO          698    .text.mb_ascii_init  mb_ascii.o
    0x08009714   0x08009714   0x0000013e   Code   RO          700    .text.mb_ascii_receive  mb_ascii.o
    0x08009852   0x08009852   0x00000002   PAD
    0x08009854   0x08009854   0x00000044   Code   RO          708    .text.mb_ascii_rev_adjust  mb_ascii.o
    0x08009898   0x08009898   0x00000094   Code   RO          710    .text.mb_ascii_segmentation  mb_ascii.o
    0x0800992c   0x0800992c   0x0000005e   Code   RO          704    .text.mb_ascii_snd_frame  mb_ascii.o
    0x0800998a   0x0800998a   0x00000002   PAD
    0x0800998c   0x0800998c   0x000000a4   Code   RO          794    .text.mb_err_frame  mb_err.o
    0x08009a30   0x08009a30   0x0000005e   Code   RO          804    .text.mb_master_get_buf_id  mb_master.o
    0x08009a8e   0x08009a8e   0x00000002   PAD
    0x08009a90   0x08009a90   0x000001e8   Code   RO          599    .text.mb_port_init  mb_port.o
    0x08009c78   0x08009c78   0x00000222   Code   RO          601    .text.mb_port_poll  mb_port.o
    0x08009e9a   0x08009e9a   0x00000002   PAD
    0x08009e9c   0x08009e9c   0x000000a8   Code   RO          681    .text.mb_rtu_frame_conform  mb_rtu.o
    0x08009f44   0x08009f44   0x00000098   Code   RO          675    .text.mb_rtu_init   mb_rtu.o
    0x08009fdc   0x08009fdc   0x00000182   Code   RO          687    .text.mb_rtu_out    mb_rtu.o
    0x0800a15e   0x0800a15e   0x00000002   PAD
    0x0800a160   0x0800a160   0x0000004a   Code   RO          677    .text.mb_rtu_receive  mb_rtu.o
    0x0800a1aa   0x0800a1aa   0x00000002   PAD
    0x0800a1ac   0x0800a1ac   0x00000060   Code   RO          683    .text.mb_rtu_rev_adjust  mb_rtu.o
    0x0800a20c   0x0800a20c   0x00000094   Code   RO          685    .text.mb_rtu_segmentation  mb_rtu.o
    0x0800a2a0   0x0800a2a0   0x0000005e   Code   RO          679    .text.mb_rtu_snd_frame  mb_rtu.o
    0x0800a2fe   0x0800a2fe   0x00000002   PAD
    0x0800a300   0x0800a300   0x0000006a   Code   RO          647    .text.mb_serial_frame_info  mb_serial.o
    0x0800a36a   0x0800a36a   0x00000002   PAD
    0x0800a36c   0x0800a36c   0x00000016   Code   RO          629    .text.mb_serial_init  mb_serial.o
    0x0800a382   0x0800a382   0x00000002   PAD
    0x0800a384   0x0800a384   0x00000038   Code   RO          631    .text.mb_serial_rs485_dir  mb_serial.o
    0x0800a3bc   0x0800a3bc   0x00000018   Code   RO          645    .text.mb_serial_rxd_frame_delete  mb_serial.o
    0x0800a3d4   0x0800a3d4   0x00000028   Code   RO          643    .text.mb_serial_rxd_frame_insert  mb_serial.o
    0x0800a3fc   0x0800a3fc   0x0000017e   Code   RO          637    .text.mb_serial_send  mb_serial.o
    0x0800a57a   0x0800a57a   0x00000002   PAD
    0x0800a57c   0x0800a57c   0x00000018   Code   RO          639    .text.mb_serial_txd_frame_delete  mb_serial.o
    0x0800a594   0x0800a594   0x00000028   Code   RO          641    .text.mb_serial_txd_frame_insert  mb_serial.o
    0x0800a5bc   0x0800a5bc   0x000000cc   Code   RO          729    .text.mb_tcp_frame_conform  mb_tcp.o
    0x0800a688   0x0800a688   0x00000050   Code   RO          721    .text.mb_tcp_init   mb_tcp.o
    0x0800a6d8   0x0800a6d8   0x000000ba   Code   RO          723    .text.mb_tcp_receive  mb_tcp.o
    0x0800a792   0x0800a792   0x00000002   PAD
    0x0800a794   0x0800a794   0x00000044   Code   RO          727    .text.mb_tcp_rev_adjust  mb_tcp.o
    0x0800a7d8   0x0800a7d8   0x000000d8   Code   RO          731    .text.mb_tcp_segmentation  mb_tcp.o
    0x0800a8b0   0x0800a8b0   0x0000005e   Code   RO          725    .text.mb_tcp_snd_frame  mb_tcp.o
    0x0800a90e   0x0800a90e   0x00000002   PAD
    0x0800a910   0x0800a910   0x00000010   Code   RO          662    .text.mb_timer_rcv_disable  mb_timer.o
    0x0800a920   0x0800a920   0x00000038   Code   RO          664    .text.mb_timer_rcv_outtime  mb_timer.o
    0x0800a958   0x0800a958   0x0000001a   Code   RO          658    .text.mb_timer_rcv_update  mb_timer.o
    0x0800a972   0x0800a972   0x00000002   PAD
    0x0800a974   0x0800a974   0x0000002e   Code   RO          666    .text.mb_timer_snd_outtime  mb_timer.o
    0x0800a9a2   0x0800a9a2   0x00000002   PAD
    0x0800a9a4   0x0800a9a4   0x0000001a   Code   RO          660    .text.mb_timer_snd_update  mb_timer.o
    0x0800a9be   0x0800a9be   0x00000002   PAD
    0x0800a9c0   0x0800a9c0   0x00000356   Code   RO          586    .text.mb_user_init  mb_user.o
    0x0800ad16   0x0800ad16   0x00000002   PAD
    0x0800ad18   0x0800ad18   0x0000004e   Code   RO          588    .text.mb_user_poll  mb_user.o
    0x0800ad66   0x0800ad66   0x00000002   PAD
    0x0800ad68   0x0800ad68   0x00000456   Code   RO          454    .text.motor_astaone  plc_test.o
    0x0800b1be   0x0800b1be   0x00000002   PAD
    0x0800b1c0   0x0800b1c0   0x000003c4   Code   RO          456    .text.motor_astatwo  plc_test.o
    0x0800b584   0x0800b584   0x00000170   Code   RO          460    .text.motor_step_waste_M5  plc_test.o
    0x0800b6f4   0x0800b6f4   0x00000174   Code   RO          462    .text.motor_step_waste_M6  plc_test.o
    0x0800b868   0x0800b868   0x00000172   Code   RO          464    .text.motor_step_waste_M7  plc_test.o
    0x0800b9da   0x0800b9da   0x00000002   PAD
    0x0800b9dc   0x0800b9dc   0x00000500   Code   RO          458    .text.motor_steptf  plc_test.o
    0x0800bedc   0x0800bedc   0x0000005e   Code   RO          342    .text.plc_beep_feedback  plc_beep.o
    0x0800bf3a   0x0800bf3a   0x00000002   PAD
    0x0800bf3c   0x0800bf3c   0x000001b0   Code   RO          350    .text.plc_beep_modbus_read  plc_beep.o
    0x0800c0ec   0x0800c0ec   0x00000178   Code   RO          348    .text.plc_beep_modbus_write  plc_beep.o
    0x0800c264   0x0800c264   0x00000184   Code   RO          344    .text.plc_beep_scan  plc_beep.o
    0x0800c3e8   0x0800c3e8   0x00000044   Code   RO          340    .text.plc_beep_set  plc_beep.o
    0x0800c42c   0x0800c42c   0x00000062   Code   RO          503    .text.plc_bridge_feedback  plc_bridge.o
    0x0800c48e   0x0800c48e   0x00000002   PAD
    0x0800c490   0x0800c490   0x0000008a   Code   RO          499    .text.plc_bridge_init  plc_bridge.o
    0x0800c51a   0x0800c51a   0x00000002   PAD
    0x0800c51c   0x0800c51c   0x0000014e   Code   RO          515    .text.plc_bridge_modbus_read  plc_bridge.o
    0x0800c66a   0x0800c66a   0x00000002   PAD
    0x0800c66c   0x0800c66c   0x00000132   Code   RO          513    .text.plc_bridge_modbus_write  plc_bridge.o
    0x0800c79e   0x0800c79e   0x00000002   PAD
    0x0800c7a0   0x0800c7a0   0x00000122   Code   RO          505    .text.plc_bridge_scan  plc_bridge.o
    0x0800c8c2   0x0800c8c2   0x00000002   PAD
    0x0800c8c4   0x0800c8c4   0x00000092   Code   RO          501    .text.plc_bridge_set_dir  plc_bridge.o
    0x0800c956   0x0800c956   0x00000002   PAD
    0x0800c958   0x0800c958   0x00000088   Code   RO          497    .text.plc_bridge_set_value  plc_bridge.o
    0x0800c9e0   0x0800c9e0   0x0000003c   Code   RO          402    .text.plc_button_init  plc_button.o
    0x0800ca1c   0x0800ca1c   0x00000030   Code   RO          398    .text.plc_button_run  plc_button.o
    0x0800ca4c   0x0800ca4c   0x00000002   Code   RO          380    .text.plc_button_run_beep  plc_button.o
    0x0800ca4e   0x0800ca4e   0x00000002   PAD
    0x0800ca50   0x0800ca50   0x00000074   Code   RO          507    .text.plc_button_run_bridge  plc_bridge.o
    0x0800cac4   0x0800cac4   0x00000002   Code   RO          382    .text.plc_button_run_delay  plc_button.o
    0x0800cac6   0x0800cac6   0x00000002   PAD
    0x0800cac8   0x0800cac8   0x00000002   Code   RO          374    .text.plc_button_run_input  plc_button.o
    0x0800caca   0x0800caca   0x00000002   PAD
    0x0800cacc   0x0800cacc   0x0000007c   Code   RO          559    .text.plc_button_run_motor  plc_motor.o
    0x0800cb48   0x0800cb48   0x00000002   Code   RO          376    .text.plc_button_run_switch  plc_button.o
    0x0800cb4a   0x0800cb4a   0x00000002   PAD
    0x0800cb4c   0x0800cb4c   0x00000094   Code   RO          406    .text.plc_button_scan  plc_button.o
    0x0800cbe0   0x0800cbe0   0x00000030   Code   RO          400    .text.plc_button_stop  plc_button.o
    0x0800cc10   0x0800cc10   0x00000002   Code   RO          392    .text.plc_button_stop_beep  plc_button.o
    0x0800cc12   0x0800cc12   0x00000002   PAD
    0x0800cc14   0x0800cc14   0x0000009a   Code   RO          509    .text.plc_button_stop_bridge  plc_bridge.o
    0x0800ccae   0x0800ccae   0x00000002   PAD
    0x0800ccb0   0x0800ccb0   0x00000002   Code   RO          394    .text.plc_button_stop_delay  plc_button.o
    0x0800ccb2   0x0800ccb2   0x00000002   PAD
    0x0800ccb4   0x0800ccb4   0x00000002   Code   RO          386    .text.plc_button_stop_input  plc_button.o
    0x0800ccb6   0x0800ccb6   0x00000002   PAD
    0x0800ccb8   0x0800ccb8   0x000000cc   Code   RO          561    .text.plc_button_stop_motor  plc_motor.o
    0x0800cd84   0x0800cd84   0x00000002   Code   RO          388    .text.plc_button_stop_switch  plc_button.o
    0x0800cd86   0x0800cd86   0x00000002   PAD
    0x0800cd88   0x0800cd88   0x00000022   Code   RO          440    .text.plc_can_receive  plc_can.o
    0x0800cdaa   0x0800cdaa   0x00000002   PAD
    0x0800cdac   0x0800cdac   0x00000046   Code   RO          360    .text.plc_delay_feedback  plc_delay.o
    0x0800cdf2   0x0800cdf2   0x00000002   PAD
    0x0800cdf4   0x0800cdf4   0x00000072   Code   RO          362    .text.plc_delay_scan  plc_delay.o
    0x0800ce66   0x0800ce66   0x00000002   PAD
    0x0800ce68   0x0800ce68   0x00000046   Code   RO          416    .text.plc_eep_init  plc_eep.o
    0x0800ceae   0x0800ceae   0x00000002   PAD
    0x0800ceb0   0x0800ceb0   0x00000064   Code   RO          428    .text.plc_eep_modbus_read  plc_eep.o
    0x0800cf14   0x0800cf14   0x00000064   Code   RO          426    .text.plc_eep_modbus_write  plc_eep.o
    0x0800cf78   0x0800cf78   0x00000086   Code   RO          420    .text.plc_eep_read_buf  plc_eep.o
    0x0800cffe   0x0800cffe   0x00000002   PAD
    0x0800d000   0x0800d000   0x000000cc   Code   RO          418    .text.plc_eep_read_value  plc_eep.o
    0x0800d0cc   0x0800d0cc   0x00000090   Code   RO          424    .text.plc_eep_write_buf  plc_eep.o
    0x0800d15c   0x0800d15c   0x00000184   Code   RO          262    .text.plc_flow_config  plc_flow.o
    0x0800d2e0   0x0800d2e0   0x000000aa   Code   RO          452    .text.plc_flow_test_motor_scan  plc_test.o
    0x0800d38a   0x0800d38a   0x00000002   PAD
    0x0800d38c   0x0800d38c   0x0000001e   Code   RO          478    .text.plc_flow_test_scan  plc_test.o
    0x0800d3aa   0x0800d3aa   0x00000002   PAD
    0x0800d3ac   0x0800d3ac   0x00000a68   Code   RO          474    .text.plc_flow_test_switch_scan  plc_test.o
    0x0800de14   0x0800de14   0x00000062   Code   RO          300    .text.plc_input_feedback  plc_input.o
    0x0800de76   0x0800de76   0x00000002   PAD
    0x0800de78   0x0800de78   0x0000004a   Code   RO          294    .text.plc_input_init  plc_input.o
    0x0800dec2   0x0800dec2   0x00000002   PAD
    0x0800dec4   0x0800dec4   0x000000fc   Code   RO          306    .text.plc_input_modbus_read  plc_input.o
    0x0800dfc0   0x0800dfc0   0x000000d2   Code   RO          304    .text.plc_input_modbus_write  plc_input.o
    0x0800e092   0x0800e092   0x00000002   PAD
    0x0800e094   0x0800e094   0x00000020   Code   RO          290    .text.plc_input_read  plc_input.o
    0x0800e0b4   0x0800e0b4   0x00000224   Code   RO          292    .text.plc_input_read_flow  plc_input.o
    0x0800e2d8   0x0800e2d8   0x000000c0   Code   RO          302    .text.plc_input_scan  plc_input.o
    0x0800e398   0x0800e398   0x0000003a   Code   RO          288    .text.plc_input_write  plc_input.o
    0x0800e3d2   0x0800e3d2   0x00000002   PAD
    0x0800e3d4   0x0800e3d4   0x000002b4   Code   RO          275    .text.plc_modbus_adjust  plc_modbus.o
    0x0800e688   0x0800e688   0x00000148   Code   RO          277    .text.plc_modbus_read  plc_modbus.o
    0x0800e7d0   0x0800e7d0   0x00000148   Code   RO          279    .text.plc_modbus_write  plc_modbus.o
    0x0800e918   0x0800e918   0x00000020   Code   RO          557    .text.plc_motor_cur_postion  plc_motor.o
    0x0800e938   0x0800e938   0x0000001e   Code   RO          555    .text.plc_motor_cur_status  plc_motor.o
    0x0800e956   0x0800e956   0x00000002   PAD
    0x0800e958   0x0800e958   0x00000202   Code   RO          541    .text.plc_motor_curve_buf_pos  plc_motor.o
    0x0800eb5a   0x0800eb5a   0x00000002   PAD
    0x0800eb5c   0x0800eb5c   0x000001a0   Code   RO          543    .text.plc_motor_curve_buf_rst  plc_motor.o
    0x0800ecfc   0x0800ecfc   0x000000e4   Code   RO          537    .text.plc_motor_curve_init_pos  plc_motor.o
    0x0800ede0   0x0800ede0   0x000000a6   Code   RO          539    .text.plc_motor_curve_init_rst  plc_motor.o
    0x0800ee86   0x0800ee86   0x00000002   PAD
    0x0800ee88   0x0800ee88   0x00000064   Code   RO          531    .text.plc_motor_feedback  plc_motor.o
    0x0800eeec   0x0800eeec   0x000000cc   Code   RO          547    .text.plc_motor_freq_down  plc_motor.o
    0x0800efb8   0x0800efb8   0x00000044   Code   RO          529    .text.plc_motor_init  plc_motor.o
    0x0800effc   0x0800effc   0x000001f4   Code   RO          571    .text.plc_motor_modbus_read  plc_motor.o
    0x0800f1f0   0x0800f1f0   0x00000314   Code   RO          569    .text.plc_motor_modbus_write  plc_motor.o
    0x0800f504   0x0800f504   0x00000118   Code   RO          468    .text.plc_motor_pos_flag  plc_test.o
    0x0800f61c   0x0800f61c   0x0000011e   Code   RO          553    .text.plc_motor_pul_action  plc_motor.o
    0x0800f73a   0x0800f73a   0x00000002   PAD
    0x0800f73c   0x0800f73c   0x00000216   Code   RO          549    .text.plc_motor_pul_action_pos  plc_motor.o
    0x0800f952   0x0800f952   0x00000002   PAD
    0x0800f954   0x0800f954   0x0000014c   Code   RO          551    .text.plc_motor_pul_action_rst  plc_motor.o
    0x0800faa0   0x0800faa0   0x00000086   Code   RO          545    .text.plc_motor_scan  plc_motor.o
    0x0800fb26   0x0800fb26   0x00000002   PAD
    0x0800fb28   0x0800fb28   0x000000e2   Code   RO          567    .text.plc_motor_set_bldc_flow  plc_motor.o
    0x0800fc0a   0x0800fc0a   0x00000002   PAD
    0x0800fc0c   0x0800fc0c   0x0000004e   Code   RO          533    .text.plc_motor_set_dir  plc_motor.o
    0x0800fc5a   0x0800fc5a   0x00000002   PAD
    0x0800fc5c   0x0800fc5c   0x0000002a   Code   RO          535    .text.plc_motor_set_pul  plc_motor.o
    0x0800fc86   0x0800fc86   0x00000002   PAD
    0x0800fc88   0x0800fc88   0x0000013c   Code   RO          563    .text.plc_motor_set_step_pos_flow  plc_motor.o
    0x0800fdc4   0x0800fdc4   0x00000176   Code   RO          565    .text.plc_motor_set_step_rst_flow  plc_motor.o
    0x0800ff3a   0x0800ff3a   0x00000002   PAD
    0x0800ff3c   0x0800ff3c   0x00000074   Code   RO          527    .text.plc_motor_timer_deletc  plc_motor.o
    0x0800ffb0   0x0800ffb0   0x0000020e   Code   RO          525    .text.plc_motor_timer_insert  plc_motor.o
    0x080101be   0x080101be   0x00000002   PAD
    0x080101c0   0x080101c0   0x00000062   Code   RO          320    .text.plc_switch_feedback  plc_switch.o
    0x08010222   0x08010222   0x00000002   PAD
    0x08010224   0x08010224   0x00000032   Code   RO          318    .text.plc_switch_init  plc_switch.o
    0x08010256   0x08010256   0x00000002   PAD
    0x08010258   0x08010258   0x000001dc   Code   RO          330    .text.plc_switch_modbus_read  plc_switch.o
    0x08010434   0x08010434   0x00000190   Code   RO          328    .text.plc_switch_modbus_write  plc_switch.o
    0x080105c4   0x080105c4   0x000001ca   Code   RO          322    .text.plc_switch_scan  plc_switch.o
    0x0801078e   0x0801078e   0x00000002   PAD
    0x08010790   0x08010790   0x000000f8   Code   RO          324    .text.plc_switch_set_flow  plc_switch.o
    0x08010888   0x08010888   0x000001bc   Code   RO          316    .text.plc_switch_set_port  plc_switch.o
    0x08010a44   0x08010a44   0x00000034   Code   RO          248    .text.plc_user_init  plc_user.o
    0x08010a78   0x08010a78   0x00000092   Code   RO          250    .text.plc_user_scan  plc_user.o
    0x08010b0a   0x08010b0a   0x00000002   PAD
    0x08010b0c   0x08010b0c   0x0000004a   Code   RO          772    .text.prveMBError2Exception  mb_utils.o
    0x08010b56   0x08010b56   0x00000002   PAD
    0x08010b58   0x08010b58   0x00000056   Code   RO          702    .text.prvucMBCHAR2BIN  mb_ascii.o
    0x08010bae   0x08010bae   0x00000002   PAD
    0x08010bb0   0x08010bb0   0x0000005c   Code   RO          783    .text.prvucMBLRC    mb_crc.o
    0x08010c0c   0x08010c0c   0x00000082   Code   RO          781    .text.usMBCRC16     mb_crc.o
    0x08010c8e   0x08010c8e   0x0000000e   Code   RO         2148    i.__scatterload_copy  mc_w.l(handlers.o)
    0x08010c9c   0x08010c9c   0x00000002   Code   RO         2149    i.__scatterload_null  mc_w.l(handlers.o)
    0x08010c9e   0x08010c9e   0x0000000e   Code   RO         2150    i.__scatterload_zeroinit  mc_w.l(handlers.o)
    0x08010cac   0x08010cac   0x00000010   Data   RO         2080    .rodata.AHBPrescTable  system_stm32f1xx.o
    0x08010cbc   0x08010cbc   0x00000008   Data   RO         2081    .rodata.APBPrescTable  system_stm32f1xx.o
    0x08010cc4   0x08010cc4   0x00000004   Data   RO          885    .rodata.ETH_CONFIG_LOCAL_GATEWAY  eth_type.o
    0x08010cc8   0x08010cc8   0x00000004   Data   RO          888    .rodata.ETH_CONFIG_LOCAL_IP  eth_type.o
    0x08010ccc   0x08010ccc   0x00000006   Data   RO          887    .rodata.ETH_CONFIG_LOCAL_PHYADDR  eth_type.o
    0x08010cd2   0x08010cd2   0x00000004   Data   RO          886    .rodata.ETH_CONFIG_LOCAL_SUBMASK  eth_type.o
    0x08010cd6   0x08010cd6   0x00000004   Data   RO          890    .rodata.ETH_CONFIG_MODBUS_IP  eth_type.o
    0x08010cda   0x08010cda   0x00000002   Data   RO          891    .rodata.ETH_CONFIG_MODBUS_REMOTE_PORT  eth_type.o
    0x08010cdc   0x08010cdc   0x00000001   Data   RO          889    .rodata.ETH_CONFIG_MODBUS_SOCKET  eth_type.o
    0x08010cdd   0x08010cdd   0x00000100   Data   RO          785    .rodata.aucCRCHi    mb_crc.o
    0x08010ddd   0x08010ddd   0x00000100   Data   RO          786    .rodata.aucCRCLo    mb_crc.o
    0x08010edd   0x08010edd   0x00000040   Data   RO          590    .rodata.str1.1      mb_user.o
    0x08010f1d   0x08010f1d   0x00000003   PAD
    0x08010f20   0x08010f20   0x00000020   Data   RO         2147    Region$$Table       anon$$obj.o


    Execution Region RW_IRAM1 (Exec base: 0x20000000, Load base: 0x08010f40, Size: 0x000069a0, Max: 0x00018000, ABSOLUTE)

    Exec Addr    Load Addr    Size         Type   Attr      Idx    E Section Name        Object

    0x20000000   0x08010f40   0x00000004   Data   RW         2079    .data.SystemCoreClock  system_stm32f1xx.o
    0x20000004   0x08010f44   0x00000004   Data   RW          485    .data.flag_tf       plc_test.o
    0x20000008   0x08010f48   0x0000000a   Data   RW          573    .data.timer_motor_map  plc_motor.o
    0x20000012   0x08010f52   0x00000002   Data   RW          620    .data.usRegHoldingBufSize  mb_cb.o
    0x20000014   0x08010f54   0x00000001   Data   RW         1765    .data.uwTickFreq    stm32f1xx_hal.o
    0x20000015   0x08010f55   0x00000003   PAD
    0x20000018   0x08010f58   0x00000004   Data   RW         1764    .data.uwTickPrio    stm32f1xx_hal.o
    0x2000001c   0x08010f5c   0x000000c0   Data   RW          603    .data.xFuncHandlers  mb_port.o
    0x200000dc   0x0801101c   0x00000004   PAD
    0x200000e0        -       0x0000008d   Zero   RW          893    .bss.ETH_SOCKET_Struct  eth_type.o
    0x2000016d        -       0x00000001   Zero   RW           22    .bss.buffer         app_usart.o
    0x2000016e        -       0x00000001   Zero   RW          713    .bss.eBytePos       mb_ascii.o
    0x2000016f   0x0801101c   0x00000001   PAD
    0x20000170        -       0x00000004   Zero   RW          578    .bss.flag_camera    plc_motor.o
    0x20000174        -       0x00000004   Zero   RW          576    .bss.flag_camera_M1  plc_motor.o
    0x20000178        -       0x00000004   Zero   RW          486    .bss.flag_motor_five  plc_test.o
    0x2000017c        -       0x00000004   Zero   RW          488    .bss.flag_motor_seven  plc_test.o
    0x20000180        -       0x00000004   Zero   RW          487    .bss.flag_motor_six  plc_test.o
    0x20000184        -       0x00000004   Zero   RW          484    .bss.flag_one       plc_test.o
    0x20000188        -       0x00000004   Zero   RW          481    .bss.flag_two       plc_test.o
    0x2000018c        -       0x00000008   Zero   RW          735    .bss.g_eth_user_port  mb_tcp.o
    0x20000194        -       0x00000678   Zero   RW          650    .bss.g_mb_var_port  mb_serial.o
    0x2000080c        -       0x00000020   Zero   RW          352    .bss.g_plc_beep_port  plc_beep.o
    0x2000082c        -       0x0000006c   Zero   RW          517    .bss.g_plc_bridge_port  plc_bridge.o
    0x20000898        -       0x00000030   Zero   RW          408    .bss.g_plc_button_hw_port  plc_button.o
    0x200008c8        -       0x00000044   Zero   RW          444    .bss.g_plc_can_port  plc_can.o
    0x2000090c        -       0x00000060   Zero   RW          366    .bss.g_plc_delay_port  plc_delay.o
    0x2000096c        -       0x00000014   Zero   RW          430    .bss.g_plc_eep_port  plc_eep.o
    0x20000980        -       0x00000001   Zero   RW          265    .bss.g_plc_flow_global_port  plc_flow.o
    0x20000981   0x0801101c   0x00000003   PAD
    0x20000984        -       0x00000070   Zero   RW          264    .bss.g_plc_flow_observed_port  plc_flow.o
    0x200009f4        -       0x00000050   Zero   RW          266    .bss.g_plc_flow_sort_port  plc_flow.o
    0x20000a44        -       0x0000000f   Zero   RW          480    .bss.g_plc_flow_test_motor_port  plc_test.o
    0x20000a53        -       0x0000000f   Zero   RW          482    .bss.g_plc_flow_test_switch_port  plc_test.o
    0x20000a62   0x0801101c   0x00000002   PAD
    0x20000a64        -       0x00000198   Zero   RW          308    .bss.g_plc_input_port  plc_input.o
    0x20000bfc        -       0x00000600   Zero   RW          575    .bss.g_plc_motor_port  plc_motor.o
    0x200011fc        -       0x00000240   Zero   RW          332    .bss.g_plc_switch_port  plc_switch.o
    0x2000143c        -       0x00000028   Zero   RW          104    .bss.hcan           main.o
    0x20001464        -       0x00000054   Zero   RW          105    .bss.hi2c1          main.o
    0x200014b8        -       0x00000058   Zero   RW          106    .bss.hspi2          main.o
    0x20001510        -       0x00000040   Zero   RW          113    .bss.htim10         main.o
    0x20001550        -       0x00000040   Zero   RW          114    .bss.htim11         main.o
    0x20001590        -       0x00000040   Zero   RW          115    .bss.htim12         main.o
    0x200015d0        -       0x00000040   Zero   RW          116    .bss.htim13         main.o
    0x20001610        -       0x00000040   Zero   RW          117    .bss.htim14         main.o
    0x20001650        -       0x00000040   Zero   RW          107    .bss.htim3          main.o
    0x20001690        -       0x00000040   Zero   RW          108    .bss.htim5          main.o
    0x200016d0        -       0x00000040   Zero   RW          109    .bss.htim6          main.o
    0x20001710        -       0x00000040   Zero   RW          110    .bss.htim7          main.o
    0x20001750        -       0x00000040   Zero   RW          111    .bss.htim8          main.o
    0x20001790        -       0x00000040   Zero   RW          112    .bss.htim9          main.o
    0x200017d0        -       0x00000040   Zero   RW          120    .bss.huart1         main.o
    0x20001810        -       0x00000040   Zero   RW          121    .bss.huart2         main.o
    0x20001850        -       0x00000040   Zero   RW          122    .bss.huart3         main.o
    0x20001890        -       0x00000040   Zero   RW          118    .bss.huart4         main.o
    0x200018d0        -       0x00000040   Zero   RW          119    .bss.huart5         main.o
    0x20001910        -       0x00000001   Zero   RW          712    .bss.isFrameStaFlag  mb_ascii.o
    0x20001911        -       0x00000001   Zero   RW          483    .bss.m1position     plc_test.o
    0x20001912   0x0801101c   0x00000002   PAD
    0x20001914        -       0x00000004   Zero   RW          267    .bss.p_g_flow_action_enable  plc_flow.o
    0x20001918        -       0x00000001   Zero   RW          591    .bss.poll_id        mb_user.o
    0x20001919   0x0801101c   0x00000003   PAD
    0x2000191c        -       0x00000004   Zero   RW          577    .bss.pos            plc_motor.o
    0x20001920        -       0x00000030   Zero   RW          621    .bss.pusRegHoldingBuf  mb_cb.o
    0x20001950        -       0x00000001   Zero   RW          252    .bss.scan_count     plc_user.o
    0x20001951        -       0x00000040   Zero   RW          649    .bss.txd_frame      mb_serial.o
    0x20001991   0x0801101c   0x00000001   PAD
    0x20001992        -       0x00000002   Zero   RW          737    .bss.usPID          mb_tcp.o
    0x20001994        -       0x00000002   Zero   RW          736    .bss.usTID          mb_tcp.o
    0x20001996   0x0801101c   0x00000002   PAD
    0x20001998        -       0x00000004   Zero   RW         1766    .bss.uwTick         stm32f1xx_hal.o
    0x2000199c   0x0801101c   0x00000004   PAD
    0x200019a0        -       0x00005000   Zero   RW          238    STACK               startup_stm32f103xg.o


==============================================================================

Image component sizes


      Code (inc. data)   RO Data    RW Data    ZI Data      Debug   Object Name

        36          0          0          0          0       2574   app_can.o
       634          0          0          0          0       1235   app_exti.o
        56          0          0          0          0       3369   app_i2c.o
       288          0          0          0          0       3293   app_tim.o
       464          0          0          0          1       3565   app_usart.o
      1296          0          0          0          0       5841   eth_socket.o
       324          0          0          0          0       2149   eth_spi.o
         0          0         25          0        141       1497   eth_type.o
       124          0          0          0          0        769   eth_user.o
       158          0          0          0          0       3207   eth_w5500.o
      2666          0          0          0       1236      15535   main.o
       982          0          0          0          2       6421   mb_ascii.o
       458          0          0          2         48       5727   mb_cb.o
       222          0        512          0          0       1314   mb_crc.o
       164          0          0          0          0       4739   mb_err.o
      2158          0          0          0          0       8341   mb_func_holding.o
        94          0          0          0          0       5920   mb_master.o
      1034          4          0        192          0       6693   mb_port.o
      1118          0          0          0          0       7079   mb_rtu.o
       694          0          0          0       1720       6804   mb_serial.o
       848          0          0          0         12       6760   mb_tcp.o
       170          0          0          0          0       4827   mb_timer.o
       932          0         64          0          1       5442   mb_user.o
        74          0          0          0          0       2075   mb_utils.o
      1358          0          0          0         32       4657   plc_beep.o
      1718         12          0          0        108       5180   plc_bridge.o
       320          0          0          0         48       2703   plc_button.o
        34          0          0          0         68       4101   plc_can.o
       184          0          0          0         96       1930   plc_delay.o
       752          0          0          0         20       5713   plc_eep.o
       388          0          0          0        197       6445   plc_flow.o
      1464          0          0          0        408       4078   plc_input.o
      1348         12          0          0          0       2285   plc_modbus.o
      6338         10          0         10       1548      14267   plc_motor.o
      2174         16          0          0        576       5707   plc_switch.o
      7966        164          0          4         51       6005   plc_test.o
       198          8          0          0          1       1157   plc_user.o
        36          8        304          0      20480        804   startup_stm32f103xg.o
       270          0          0          5          4       5989   stm32f1xx_hal.o
      2080          0          0          0          0      11725   stm32f1xx_hal_can.o
       472          0          0          0          0       8993   stm32f1xx_hal_cortex.o
       792          0          0          0          0       7344   stm32f1xx_hal_dma.o
      1006          0          0          0          0       4316   stm32f1xx_hal_gpio.o
      8480          0          0          0          0      33214   stm32f1xx_hal_i2c.o
      2384          0          0          0          0      14177   stm32f1xx_hal_msp.o
      2652          0          0          0          0       7593   stm32f1xx_hal_rcc.o
      2382          0          0          0          0      18309   stm32f1xx_hal_spi.o
       180          0          0          0          0       3264   stm32f1xx_hal_spi_ex.o
      3506         14          0          0          0      28760   stm32f1xx_hal_tim.o
       152          0          0          0          0      11354   stm32f1xx_hal_tim_ex.o
      2570          0          0          0          0      15113   stm32f1xx_hal_uart.o
       480          0          0          0          0       3543   stm32f1xx_it.o
        96          0         24          4          0       2160   system_stm32f1xx.o

    ----------------------------------------------------------------------
     67062        248        964        220      26820     356062   Object Totals
         0          0         32          0          0          0   (incl. Generated)
       288          0          3          3         22          0   (incl. Padding)

    ----------------------------------------------------------------------

      Code (inc. data)   RO Data    RW Data    ZI Data      Debug   Library Member Name

         0          0          0          0          0          0   entry.o
         0          0          0          0          0          0   entry10a.o
         0          0          0          0          0          0   entry11a.o
         8          4          0          0          0          0   entry2.o
         4          0          0          0          0          0   entry5.o
         0          0          0          0          0          0   entry7b.o
         0          0          0          0          0          0   entry8b.o
         8          4          0          0          0          0   entry9a.o
        30          0          0          0          0          0   handlers.o
        48         10          0          0          0         68   init.o
         0          0          0          0          0          0   iusefp.o
        30          0          0          0          0         68   llshl.o
        32          0          0          0          0         68   llushr.o
        36          0          0          0          0        108   memseta.o
       186          0          0          0          0        176   depilogue.o
        62          0          0          0          0         80   dfixi.o
       228          0          0          0          0         96   dmul.o
        38          0          0          0          0         68   f2d.o
       176          0          0          0          0        140   fadd.o
        28          0          0          0          0         68   fcmpge.o
        28          0          0          0          0         68   fcmpgt.o
        28          0          0          0          0         68   fcmple.o
        28          0          0          0          0         68   fcmplt.o
       124          0          0          0          0         88   fdiv.o
       110          0          0          0          0        168   fepilogue.o
        50          0          0          0          0         68   ffixi.o
        18          0          0          0          0         68   fflti.o
        10          0          0          0          0         68   ffltui.o
       100          0          0          0          0         76   fmul.o

    ----------------------------------------------------------------------
      1414         18          0          0          0       1680   Library Totals
         4          0          0          0          0          0   (incl. Padding)

    ----------------------------------------------------------------------

      Code (inc. data)   RO Data    RW Data    ZI Data      Debug   Library Name

       196         18          0          0          0        312   mc_w.l
      1214          0          0          0          0       1368   mf_w.l

    ----------------------------------------------------------------------
      1414         18          0          0          0       1680   Library Totals

    ----------------------------------------------------------------------

==============================================================================


      Code (inc. data)   RO Data    RW Data    ZI Data      Debug   

     68476        266        964        220      26820     356062   Grand Totals
     68476        266        964        220      26820     356062   ELF Image Totals
     68476        266        964        220          0          0   ROM Totals

==============================================================================

    Total RO  Size (Code + RO Data)                69440 (  67.81kB)
    Total RW  Size (RW Data + ZI Data)             27040 (  26.41kB)
    Total ROM Size (Code + RO Data + RW Data)      69660 (  68.03kB)

==============================================================================

